Copyright 1986-2022 Xilinx, Inc. All Rights Reserved. Copyright 2022-2023 Advanced Micro Devices, Inc. All Rights Reserved.
---------------------------------------------------------------------------------------------------------------------------------------------
| Tool Version : Vivado v.2023.2 (lin64) Build 4029153 Fri Oct 13 20:13:54 MDT 2023
| Date         : Wed Sep  2 13:53:33 2026
| Host         : carson-matthers-ThinkPad running 64-bit Ubuntu 24.04.4 LTS
| Command      : report_control_sets -verbose -file arty_top_control_sets_placed.rpt
| Design       : arty_top
| Device       : xc7a100t
---------------------------------------------------------------------------------------------------------------------------------------------

Control Set Information

Table of Contents
-----------------
1. Summary
2. Histogram
3. Flip-Flop Distribution
4. Detailed Control Set Information

1. Summary
----------

+----------------------------------------------------------+-------+
|                          Status                          | Count |
+----------------------------------------------------------+-------+
| Total control sets                                       |    20 |
|    Minimum number of control sets                        |    20 |
|    Addition due to synthesis replication                 |     0 |
|    Addition due to physical synthesis replication        |     0 |
| Unused register locations in slices containing registers |    48 |
+----------------------------------------------------------+-------+
* Control sets can be merged at opt_design using control_set_merge or merge_equivalent_drivers
** Run report_qor_suggestions for automated merging and remapping suggestions


2. Histogram
------------

+--------------------+-------+
|       Fanout       | Count |
+--------------------+-------+
| Total control sets |    20 |
| >= 0 to < 4        |     0 |
| >= 4 to < 6        |     0 |
| >= 6 to < 8        |     1 |
| >= 8 to < 10       |     7 |
| >= 10 to < 12      |     2 |
| >= 12 to < 14      |     0 |
| >= 14 to < 16      |     0 |
| >= 16              |    10 |
+--------------------+-------+
* Control sets can be remapped at either synth_design or opt_design


3. Flip-Flop Distribution
-------------------------

+--------------+-----------------------+------------------------+-----------------+--------------+
| Clock Enable | Synchronous Set/Reset | Asynchronous Set/Reset | Total Registers | Total Slices |
+--------------+-----------------------+------------------------+-----------------+--------------+
| No           | No                    | No                     |              50 |           17 |
| No           | No                    | Yes                    |               0 |            0 |
| No           | Yes                   | No                     |              72 |           23 |
| Yes          | No                    | No                     |               0 |            0 |
| Yes          | No                    | Yes                    |               0 |            0 |
| Yes          | Yes                   | No                     |             142 |           53 |
+--------------+-----------------------+------------------------+-----------------+--------------+


4. Detailed Control Set Information
-----------------------------------

+----------------------+---------------------------------------------------+---------------------------+------------------+----------------+--------------+
|     Clock Signal     |                   Enable Signal                   |      Set/Reset Signal     | Slice Load Count | Bel Load Count | Bels / Slice |
+----------------------+---------------------------------------------------+---------------------------+------------------+----------------+--------------+
|  CLK100MHZ_IBUF_BUFG | u_demo/u_inv_fsm/E[0]                             | rst                       |                2 |              6 |         3.00 |
|  CLK100MHZ_IBUF_BUFG | u_demo/u_inv_fsm/j_off[7]_i_1_n_0                 | rst                       |                3 |              8 |         2.67 |
|  CLK100MHZ_IBUF_BUFG | u_demo/load_i[7]_i_1_n_0                          | rst                       |                2 |              8 |         4.00 |
|  CLK100MHZ_IBUF_BUFG | u_busy_stretch/E[0]                               | u_demo/SR[0]              |                5 |              8 |         1.60 |
|  CLK100MHZ_IBUF_BUFG | u_demo/u_fwd_fsm/j_off[7]_i_1__0_n_0              | rst                       |                3 |              8 |         2.67 |
|  CLK100MHZ_IBUF_BUFG | u_demo/u_inv_fsm/FSM_sequential_state_reg[0]_0[0] | rst                       |                3 |              8 |         2.67 |
|  CLK100MHZ_IBUF_BUFG | u_demo/u_inv_fsm/scale_i[7]_i_1_n_0               | rst                       |                3 |              8 |         2.67 |
|  CLK100MHZ_IBUF_BUFG | u_demo/cmp_i_d1__0                                | rst                       |                3 |              9 |         3.00 |
|  CLK100MHZ_IBUF_BUFG | u_demo/u_inv_fsm/layer[2]_i_1__0_n_0              | rst                       |                5 |             10 |         2.00 |
|  CLK100MHZ_IBUF_BUFG | u_demo/u_fwd_fsm/layer[2]_i_1_n_0                 | rst                       |                4 |             11 |         2.75 |
|  CLK100MHZ_IBUF_BUFG | u_demo/orig_mem_reg_128_191_0_2_i_1_n_0           |                           |                4 |             16 |         4.00 |
|  CLK100MHZ_IBUF_BUFG | u_demo/orig_mem_reg_64_127_0_2_i_1_n_0            |                           |                4 |             16 |         4.00 |
|  CLK100MHZ_IBUF_BUFG | u_demo/orig_mem_reg_192_255_0_2_i_1_n_0           |                           |                4 |             16 |         4.00 |
|  CLK100MHZ_IBUF_BUFG | u_demo/orig_mem_reg_0_63_0_2_i_4_n_0              |                           |                4 |             16 |         4.00 |
|  CLK100MHZ_IBUF_BUFG | u_demo/FSM_onehot_state_reg[5]_0                  | rst                       |                6 |             17 |         2.83 |
|  CLK100MHZ_IBUF_BUFG | u_demo/u_inv_fsm/start_r[7]_i_1__0_n_0            | rst                       |                7 |             20 |         2.86 |
|  CLK100MHZ_IBUF_BUFG |                                                   | u_start_db/cnt[0]_i_1_n_0 |                5 |             20 |         4.00 |
|  CLK100MHZ_IBUF_BUFG | u_demo/u_fwd_fsm/start_r[7]_i_1_n_0               | rst                       |                7 |             21 |         3.00 |
|  CLK100MHZ_IBUF_BUFG |                                                   |                           |               17 |             50 |         2.94 |
|  CLK100MHZ_IBUF_BUFG |                                                   | rst                       |               18 |             52 |         2.89 |
+----------------------+---------------------------------------------------+---------------------------+------------------+----------------+--------------+


