Copyright 1986-2022 Xilinx, Inc. All Rights Reserved. Copyright 2022-2023 Advanced Micro Devices, Inc. All Rights Reserved.
---------------------------------------------------------------------------------------------------------------------------------------------
| Tool Version : Vivado v.2023.2 (lin64) Build 4029153 Fri Oct 13 20:13:54 MDT 2023
| Date         : Fri Sep  4 17:32:57 2026
| Host         : carson-matthers-ThinkPad running 64-bit Ubuntu 24.04.4 LTS
| Command      : report_control_sets -verbose -file arty_top_control_sets_placed.rpt
| Design       : arty_top
| Device       : xc7a100t
---------------------------------------------------------------------------------------------------------------------------------------------

Control Set Information

Table of Contents
-----------------
1. Summary
2. Histogram
3. Flip-Flop Distribution
4. Detailed Control Set Information

1. Summary
----------

+----------------------------------------------------------+-------+
|                          Status                          | Count |
+----------------------------------------------------------+-------+
| Total control sets                                       |    19 |
|    Minimum number of control sets                        |    19 |
|    Addition due to synthesis replication                 |     0 |
|    Addition due to physical synthesis replication        |     0 |
| Unused register locations in slices containing registers |    52 |
+----------------------------------------------------------+-------+
* Control sets can be merged at opt_design using control_set_merge or merge_equivalent_drivers
** Run report_qor_suggestions for automated merging and remapping suggestions


2. Histogram
------------

+--------------------+-------+
|       Fanout       | Count |
+--------------------+-------+
| Total control sets |    19 |
| >= 0 to < 4        |     0 |
| >= 4 to < 6        |     1 |
| >= 6 to < 8        |     0 |
| >= 8 to < 10       |     7 |
| >= 10 to < 12      |     5 |
| >= 12 to < 14      |     1 |
| >= 14 to < 16      |     1 |
| >= 16              |     4 |
+--------------------+-------+
* Control sets can be remapped at either synth_design or opt_design


3. Flip-Flop Distribution
-------------------------

+--------------+-----------------------+------------------------+-----------------+--------------+
| Clock Enable | Synchronous Set/Reset | Asynchronous Set/Reset | Total Registers | Total Slices |
+--------------+-----------------------+------------------------+-----------------+--------------+
| No           | No                    | No                     |              40 |           13 |
| No           | No                    | Yes                    |               0 |            0 |
| No           | Yes                   | No                     |              66 |           24 |
| Yes          | No                    | No                     |              36 |           12 |
| Yes          | No                    | Yes                    |               0 |            0 |
| Yes          | Yes                   | No                     |             142 |           53 |
+--------------+-----------------------+------------------------+-----------------+--------------+


4. Detailed Control Set Information
-----------------------------------

+----------------------+-------------------------------------------------+------------------------+------------------+----------------+--------------+
|     Clock Signal     |                  Enable Signal                  |    Set/Reset Signal    | Slice Load Count | Bel Load Count | Bels / Slice |
+----------------------+-------------------------------------------------+------------------------+------------------+----------------+--------------+
|  CLK100MHZ_IBUF_BUFG | u_demo/u_uart_rx/FSM_sequential_state_reg[2][0] | rst                    |                3 |              4 |         1.33 |
|  CLK100MHZ_IBUF_BUFG | u_demo/u_inv_fsm/j_off[7]_i_1__0_n_0            | rst                    |                3 |              8 |         2.67 |
|  CLK100MHZ_IBUF_BUFG | u_demo/u_fwd_fsm/j_off[7]_i_1_n_0               | rst                    |                3 |              8 |         2.67 |
|  CLK100MHZ_IBUF_BUFG | u_demo/u_inv_fsm/scale_i[7]_i_1_n_0             | rst                    |                3 |              8 |         2.67 |
|  CLK100MHZ_IBUF_BUFG | u_demo/u_uart_tx/tx_data_0                      | rst                    |                3 |              8 |         2.67 |
|  CLK100MHZ_IBUF_BUFG | u_demo/u_uart_tx/E[0]                           |                        |                2 |              8 |         4.00 |
|  CLK100MHZ_IBUF_BUFG | u_demo/u_uart_rx/rst_sync_reg[1][0]             |                        |                2 |              8 |         4.00 |
|  CLK100MHZ_IBUF_BUFG | u_demo/u_uart_rx/m_axis_tvalid_reg_0[0]         |                        |                4 |              8 |         2.00 |
|  CLK100MHZ_IBUF_BUFG | u_demo/u_uart_rx/clk_cnt                        | rst                    |                4 |             10 |         2.50 |
|  CLK100MHZ_IBUF_BUFG | u_busy_stretch/E[0]                             | u_demo/u_inv_fsm/SR[0] |                5 |             10 |         2.00 |
|  CLK100MHZ_IBUF_BUFG | u_demo/u_inv_fsm/layer[2]_i_1__0_n_0            | rst                    |                4 |             10 |         2.50 |
|  CLK100MHZ_IBUF_BUFG | u_demo/u_uart_tx/clk_cnt                        | rst                    |                4 |             10 |         2.50 |
|  CLK100MHZ_IBUF_BUFG | u_demo/u_fwd_fsm/layer[2]_i_1_n_0               | rst                    |                5 |             11 |         2.20 |
|  CLK100MHZ_IBUF_BUFG | u_demo/u_uart_rx/E[0]                           |                        |                4 |             12 |         3.00 |
|  CLK100MHZ_IBUF_BUFG | u_demo/u_inv_fsm/FSM_onehot_state_reg[0]        | rst                    |                5 |             14 |         2.80 |
|  CLK100MHZ_IBUF_BUFG | u_demo/u_inv_fsm/start_r[7]_i_1__0_n_0          | rst                    |                5 |             20 |         4.00 |
|  CLK100MHZ_IBUF_BUFG | u_demo/u_fwd_fsm/start_r[7]_i_1_n_0             | rst                    |                6 |             21 |         3.50 |
|  CLK100MHZ_IBUF_BUFG |                                                 |                        |               13 |             40 |         3.08 |
|  CLK100MHZ_IBUF_BUFG |                                                 | rst                    |               24 |             66 |         2.75 |
+----------------------+-------------------------------------------------+------------------------+------------------+----------------+--------------+


