
*** Running vivado
    with args -log arty_top.vdi -applog -m64 -product Vivado -messageDb vivado.pb -mode batch -source arty_top.tcl -notrace


****** Vivado v2023.2 (64-bit)
  **** SW Build 4029153 on Fri Oct 13 20:13:54 MDT 2023
  **** IP Build 4028589 on Sat Oct 14 00:45:43 MDT 2023
  **** SharedData Build 4025554 on Tue Oct 10 17:18:54 MDT 2023
    ** Copyright 1986-2022 Xilinx, Inc. All Rights Reserved.
    ** Copyright 2022-2023 Advanced Micro Devices, Inc. All Rights Reserved.

source arty_top.tcl -notrace
Command: link_design -top arty_top -part xc7a100tcsg324-1
Design is defaulting to srcset: sources_1
Design is defaulting to constrset: constrs_1
INFO: [Device 21-403] Loading part xc7a100tcsg324-1
Netlist sorting complete. Time (s): cpu = 00:00:00 ; elapsed = 00:00:00.01 . Memory (MB): peak = 1623.113 ; gain = 0.000 ; free physical = 17987 ; free virtual = 32615
INFO: [Netlist 29-17] Analyzing 101 Unisim elements for replacement
INFO: [Netlist 29-28] Unisim Transformation completed in 0 CPU seconds
INFO: [Project 1-479] Netlist was created with Vivado 2023.2
INFO: [Project 1-570] Preparing netlist for logic optimization
Parsing XDC File [/home/carson_dawg01/projects/ml_kem/ntt-butterfly-sky26c/arty_a7_100t/constraints/arty_a7_100t.xdc]
Finished Parsing XDC File [/home/carson_dawg01/projects/ml_kem/ntt-butterfly-sky26c/arty_a7_100t/constraints/arty_a7_100t.xdc]
INFO: [Opt 31-138] Pushed 0 inverter(s) to 0 load pin(s).
Netlist sorting complete. Time (s): cpu = 00:00:00 ; elapsed = 00:00:00 . Memory (MB): peak = 1847.305 ; gain = 0.000 ; free physical = 17872 ; free virtual = 32503
INFO: [Project 1-111] Unisim Transformation Summary:
No Unisim elements were transformed.

7 Infos, 0 Warnings, 0 Critical Warnings and 0 Errors encountered.
link_design completed successfully
Command: opt_design
Attempting to get a license for feature 'Implementation' and/or device 'xc7a100t'
INFO: [Common 17-349] Got license for feature 'Implementation' and/or device 'xc7a100t'
Running DRC as a precondition to command opt_design

Starting DRC Task
INFO: [DRC 23-27] Running DRC with 8 threads
INFO: [Project 1-461] DRC finished with 0 Errors
INFO: [Project 1-462] Please refer to the DRC report (report_drc) for more information.

Time (s): cpu = 00:00:00.67 ; elapsed = 00:00:00.41 . Memory (MB): peak = 1927.180 ; gain = 79.840 ; free physical = 17852 ; free virtual = 32484

Starting Cache Timing Information Task
INFO: [Timing 38-35] Done setting XDC timing constraints.
Ending Cache Timing Information Task | Checksum: 15bf3f047

Time (s): cpu = 00:00:04 ; elapsed = 00:00:04 . Memory (MB): peak = 2408.945 ; gain = 481.766 ; free physical = 17359 ; free virtual = 32042

Starting Logic Optimization Task

Phase 1 Initialization

Phase 1.1 Core Generation And Design Setup
Phase 1.1 Core Generation And Design Setup | Checksum: 15bf3f047

Time (s): cpu = 00:00:00 ; elapsed = 00:00:00 . Memory (MB): peak = 2714.750 ; gain = 0.000 ; free physical = 17028 ; free virtual = 31738

Phase 1.2 Setup Constraints And Sort Netlist
Phase 1.2 Setup Constraints And Sort Netlist | Checksum: 15bf3f047

Time (s): cpu = 00:00:00 ; elapsed = 00:00:00.01 . Memory (MB): peak = 2714.750 ; gain = 0.000 ; free physical = 17028 ; free virtual = 31738
Phase 1 Initialization | Checksum: 15bf3f047

Time (s): cpu = 00:00:00 ; elapsed = 00:00:00.01 . Memory (MB): peak = 2714.750 ; gain = 0.000 ; free physical = 17028 ; free virtual = 31738

Phase 2 Timer Update And Timing Data Collection

Phase 2.1 Timer Update
Phase 2.1 Timer Update | Checksum: 15bf3f047

Time (s): cpu = 00:00:00.03 ; elapsed = 00:00:00.01 . Memory (MB): peak = 2714.750 ; gain = 0.000 ; free physical = 17028 ; free virtual = 31738

Phase 2.2 Timing Data Collection
Phase 2.2 Timing Data Collection | Checksum: 15bf3f047

Time (s): cpu = 00:00:00.03 ; elapsed = 00:00:00.02 . Memory (MB): peak = 2714.750 ; gain = 0.000 ; free physical = 17028 ; free virtual = 31738
Phase 2 Timer Update And Timing Data Collection | Checksum: 15bf3f047

Time (s): cpu = 00:00:00.03 ; elapsed = 00:00:00.02 . Memory (MB): peak = 2714.750 ; gain = 0.000 ; free physical = 17028 ; free virtual = 31738

Phase 3 Retarget
INFO: [Opt 31-138] Pushed 0 inverter(s) to 0 load pin(s).
INFO: [Opt 31-49] Retargeted 0 cell(s).
Phase 3 Retarget | Checksum: 15bf3f047

Time (s): cpu = 00:00:00.04 ; elapsed = 00:00:00.03 . Memory (MB): peak = 2714.750 ; gain = 0.000 ; free physical = 17028 ; free virtual = 31738
Retarget | Checksum: 15bf3f047
INFO: [Opt 31-389] Phase Retarget created 0 cells and removed 0 cells

Phase 4 Constant propagation
INFO: [Opt 31-138] Pushed 0 inverter(s) to 0 load pin(s).
Phase 4 Constant propagation | Checksum: 1b5c14bd2

Time (s): cpu = 00:00:00.05 ; elapsed = 00:00:00.04 . Memory (MB): peak = 2714.750 ; gain = 0.000 ; free physical = 17028 ; free virtual = 31738
Constant propagation | Checksum: 1b5c14bd2
INFO: [Opt 31-389] Phase Constant propagation created 0 cells and removed 0 cells

Phase 5 Sweep
Phase 5 Sweep | Checksum: 1c3fd0a13

Time (s): cpu = 00:00:00.05 ; elapsed = 00:00:00.05 . Memory (MB): peak = 2714.750 ; gain = 0.000 ; free physical = 17028 ; free virtual = 31738
Sweep | Checksum: 1c3fd0a13
INFO: [Opt 31-389] Phase Sweep created 0 cells and removed 0 cells

Phase 6 BUFG optimization
Phase 6 BUFG optimization | Checksum: 1c3fd0a13

Time (s): cpu = 00:00:00.07 ; elapsed = 00:00:00.05 . Memory (MB): peak = 2746.766 ; gain = 32.016 ; free physical = 17028 ; free virtual = 31739
BUFG optimization | Checksum: 1c3fd0a13
INFO: [Opt 31-662] Phase BUFG optimization created 0 cells of which 0 are BUFGs and removed 0 cells.

Phase 7 Shift Register Optimization
INFO: [Opt 31-1064] SRL Remap converted 0 SRLs to 0 registers and converted 0 registers of register chains to 0 SRLs
Phase 7 Shift Register Optimization | Checksum: 1c3fd0a13

Time (s): cpu = 00:00:00.07 ; elapsed = 00:00:00.05 . Memory (MB): peak = 2746.766 ; gain = 32.016 ; free physical = 17028 ; free virtual = 31739
Shift Register Optimization | Checksum: 1c3fd0a13
INFO: [Opt 31-389] Phase Shift Register Optimization created 0 cells and removed 0 cells

Phase 8 Post Processing Netlist
Phase 8 Post Processing Netlist | Checksum: 1c3fd0a13

Time (s): cpu = 00:00:00.07 ; elapsed = 00:00:00.06 . Memory (MB): peak = 2746.766 ; gain = 32.016 ; free physical = 17028 ; free virtual = 31739
Post Processing Netlist | Checksum: 1c3fd0a13
INFO: [Opt 31-389] Phase Post Processing Netlist created 0 cells and removed 0 cells

Phase 9 Finalization

Phase 9.1 Finalizing Design Cores and Updating Shapes
Phase 9.1 Finalizing Design Cores and Updating Shapes | Checksum: 1360c1211

Time (s): cpu = 00:00:00.08 ; elapsed = 00:00:00.07 . Memory (MB): peak = 2746.766 ; gain = 32.016 ; free physical = 17028 ; free virtual = 31739

Phase 9.2 Verifying Netlist Connectivity

Starting Connectivity Check Task

Time (s): cpu = 00:00:00 ; elapsed = 00:00:00 . Memory (MB): peak = 2746.766 ; gain = 0.000 ; free physical = 17028 ; free virtual = 31739
Phase 9.2 Verifying Netlist Connectivity | Checksum: 1360c1211

Time (s): cpu = 00:00:00.08 ; elapsed = 00:00:00.07 . Memory (MB): peak = 2746.766 ; gain = 32.016 ; free physical = 17028 ; free virtual = 31739
Phase 9 Finalization | Checksum: 1360c1211

Time (s): cpu = 00:00:00.08 ; elapsed = 00:00:00.07 . Memory (MB): peak = 2746.766 ; gain = 32.016 ; free physical = 17028 ; free virtual = 31739
Opt_design Change Summary
=========================


-------------------------------------------------------------------------------------------------------------------------
|  Phase                        |  #Cells created  |  #Cells Removed  |  #Constrained objects preventing optimizations  |
-------------------------------------------------------------------------------------------------------------------------
|  Retarget                     |               0  |               0  |                                              0  |
|  Constant propagation         |               0  |               0  |                                              0  |
|  Sweep                        |               0  |               0  |                                              0  |
|  BUFG optimization            |               0  |               0  |                                              0  |
|  Shift Register Optimization  |               0  |               0  |                                              0  |
|  Post Processing Netlist      |               0  |               0  |                                              0  |
-------------------------------------------------------------------------------------------------------------------------


Ending Logic Optimization Task | Checksum: 1360c1211

Time (s): cpu = 00:00:00.08 ; elapsed = 00:00:00.07 . Memory (MB): peak = 2746.766 ; gain = 32.016 ; free physical = 17028 ; free virtual = 31739
INFO: [Constraints 18-11670] Building netlist checker database with flags, 0x8
Done building netlist checker database: Time (s): cpu = 00:00:00 ; elapsed = 00:00:00 . Memory (MB): peak = 2746.766 ; gain = 0.000 ; free physical = 17028 ; free virtual = 31739

Starting Power Optimization Task
INFO: [Pwropt 34-132] Skipping clock gating for clocks with a period < 2.00 ns.
INFO: [Pwropt 34-9] Applying IDT optimizations ...
INFO: [Pwropt 34-10] Applying ODC optimizations ...
INFO: [Timing 38-35] Done setting XDC timing constraints.
Running Vector-less Activity Propagation...

Finished Running Vector-less Activity Propagation


Starting PowerOpt Patch Enables Task
INFO: [Pwropt 34-162] WRITE_MODE attribute of 0 BRAM(s) out of a total of 1 has been updated to save power. Run report_power_opt to get a complete listing of the BRAMs updated.
INFO: [Pwropt 34-201] Structural ODC has moved 0 WE to EN ports
Number of BRAM Ports augmented: 0 newly gated: 0 Total Ports: 2
Ending PowerOpt Patch Enables Task | Checksum: 1360c1211

Time (s): cpu = 00:00:00.01 ; elapsed = 00:00:00.01 . Memory (MB): peak = 2992.703 ; gain = 0.000 ; free physical = 16962 ; free virtual = 31678
Ending Power Optimization Task | Checksum: 1360c1211

Time (s): cpu = 00:00:00.5 ; elapsed = 00:00:00.2 . Memory (MB): peak = 2992.703 ; gain = 245.938 ; free physical = 16962 ; free virtual = 31678

Starting Final Cleanup Task
Ending Final Cleanup Task | Checksum: 1360c1211

Time (s): cpu = 00:00:00 ; elapsed = 00:00:00 . Memory (MB): peak = 2992.703 ; gain = 0.000 ; free physical = 16962 ; free virtual = 31678

Starting Netlist Obfuscation Task
Netlist sorting complete. Time (s): cpu = 00:00:00 ; elapsed = 00:00:00 . Memory (MB): peak = 2992.703 ; gain = 0.000 ; free physical = 16962 ; free virtual = 31678
Ending Netlist Obfuscation Task | Checksum: 1360c1211

Time (s): cpu = 00:00:00 ; elapsed = 00:00:00 . Memory (MB): peak = 2992.703 ; gain = 0.000 ; free physical = 16962 ; free virtual = 31678
INFO: [Common 17-83] Releasing license: Implementation
30 Infos, 0 Warnings, 0 Critical Warnings and 0 Errors encountered.
opt_design completed successfully
opt_design: Time (s): cpu = 00:00:07 ; elapsed = 00:00:07 . Memory (MB): peak = 2992.703 ; gain = 1145.363 ; free physical = 16962 ; free virtual = 31678
INFO: [runtcl-4] Executing : report_drc -file arty_top_drc_opted.rpt -pb arty_top_drc_opted.pb -rpx arty_top_drc_opted.rpx
Command: report_drc -file arty_top_drc_opted.rpt -pb arty_top_drc_opted.pb -rpx arty_top_drc_opted.rpx
INFO: [IP_Flow 19-234] Refreshing IP repositories
INFO: [IP_Flow 19-1704] No user IP repositories specified
INFO: [IP_Flow 19-2313] Loaded Vivado IP repository '/mnt/vivado_ssd/xilinx/Vivado/2023.2/data/ip'.
INFO: [DRC 23-27] Running DRC with 8 threads
INFO: [Vivado_Tcl 2-168] The results of DRC are in file /home/carson_dawg01/projects/ml_kem/ntt-butterfly-sky26c/arty_a7_100t/vivado_project/arty_top_proj/arty_top_proj.runs/impl_1/arty_top_drc_opted.rpt.
report_drc completed successfully
INFO: [Timing 38-480] Writing timing data to binary archive.
Wrote PlaceDB: Time (s): cpu = 00:00:00 ; elapsed = 00:00:00 . Memory (MB): peak = 2992.703 ; gain = 0.000 ; free physical = 16958 ; free virtual = 31675
Wrote PulsedLatchDB: Time (s): cpu = 00:00:00 ; elapsed = 00:00:00 . Memory (MB): peak = 2992.703 ; gain = 0.000 ; free physical = 16958 ; free virtual = 31675
Writing XDEF routing.
Write ShapeDB Complete: Time (s): cpu = 00:00:00 ; elapsed = 00:00:00 . Memory (MB): peak = 2992.703 ; gain = 0.000 ; free physical = 16958 ; free virtual = 31675
Writing XDEF routing logical nets.
Writing XDEF routing special nets.
Wrote RouteStorage: Time (s): cpu = 00:00:00.04 ; elapsed = 00:00:00.01 . Memory (MB): peak = 2992.703 ; gain = 0.000 ; free physical = 16958 ; free virtual = 31675
Wrote Netlist Cache: Time (s): cpu = 00:00:00 ; elapsed = 00:00:00 . Memory (MB): peak = 2992.703 ; gain = 0.000 ; free physical = 16958 ; free virtual = 31675
Wrote Device Cache: Time (s): cpu = 00:00:00 ; elapsed = 00:00:00 . Memory (MB): peak = 2992.703 ; gain = 0.000 ; free physical = 16958 ; free virtual = 31675
Write Physdb Complete: Time (s): cpu = 00:00:00.05 ; elapsed = 00:00:00.02 . Memory (MB): peak = 2992.703 ; gain = 0.000 ; free physical = 16958 ; free virtual = 31675
INFO: [Common 17-1381] The checkpoint '/home/carson_dawg01/projects/ml_kem/ntt-butterfly-sky26c/arty_a7_100t/vivado_project/arty_top_proj/arty_top_proj.runs/impl_1/arty_top_opt.dcp' has been generated.
Command: place_design
Attempting to get a license for feature 'Implementation' and/or device 'xc7a100t'
INFO: [Common 17-349] Got license for feature 'Implementation' and/or device 'xc7a100t'
INFO: [Common 17-83] Releasing license: Implementation
INFO: [DRC 23-27] Running DRC with 8 threads
INFO: [Vivado_Tcl 4-198] DRC finished with 0 Errors
INFO: [Vivado_Tcl 4-199] Please refer to the DRC report (report_drc) for more information.
Running DRC as a precondition to command place_design
INFO: [DRC 23-27] Running DRC with 8 threads
INFO: [Vivado_Tcl 4-198] DRC finished with 0 Errors
INFO: [Vivado_Tcl 4-199] Please refer to the DRC report (report_drc) for more information.
INFO: [Place 30-611] Multithreading enabled for place_design using a maximum of 8 CPUs

Starting Placer Task

Phase 1 Placer Initialization

Phase 1.1 Placer Initialization Netlist Sorting
Netlist sorting complete. Time (s): cpu = 00:00:00.01 ; elapsed = 00:00:00 . Memory (MB): peak = 2992.703 ; gain = 0.000 ; free physical = 16952 ; free virtual = 31663
Phase 1.1 Placer Initialization Netlist Sorting | Checksum: 10026b5b9

Time (s): cpu = 00:00:00.01 ; elapsed = 00:00:00 . Memory (MB): peak = 2992.703 ; gain = 0.000 ; free physical = 16952 ; free virtual = 31663
Netlist sorting complete. Time (s): cpu = 00:00:00 ; elapsed = 00:00:00 . Memory (MB): peak = 2992.703 ; gain = 0.000 ; free physical = 16952 ; free virtual = 31663

Phase 1.2 IO Placement/ Clock Placement/ Build Placer Device
INFO: [Timing 38-35] Done setting XDC timing constraints.
Phase 1.2 IO Placement/ Clock Placement/ Build Placer Device | Checksum: b6817e2b

Time (s): cpu = 00:00:00.48 ; elapsed = 00:00:00.15 . Memory (MB): peak = 2992.703 ; gain = 0.000 ; free physical = 16948 ; free virtual = 31668

Phase 1.3 Build Placer Netlist Model
Phase 1.3 Build Placer Netlist Model | Checksum: be8045cf

Time (s): cpu = 00:00:00.85 ; elapsed = 00:00:00.25 . Memory (MB): peak = 2992.703 ; gain = 0.000 ; free physical = 16937 ; free virtual = 31659

Phase 1.4 Constrain Clocks/Macros
Phase 1.4 Constrain Clocks/Macros | Checksum: be8045cf

Time (s): cpu = 00:00:00.86 ; elapsed = 00:00:00.26 . Memory (MB): peak = 2992.703 ; gain = 0.000 ; free physical = 16937 ; free virtual = 31659
Phase 1 Placer Initialization | Checksum: be8045cf

Time (s): cpu = 00:00:00.87 ; elapsed = 00:00:00.26 . Memory (MB): peak = 2992.703 ; gain = 0.000 ; free physical = 16937 ; free virtual = 31660

Phase 2 Global Placement

Phase 2.1 Floorplanning
Phase 2.1 Floorplanning | Checksum: 17f22d211

Time (s): cpu = 00:00:01 ; elapsed = 00:00:00.3 . Memory (MB): peak = 2992.703 ; gain = 0.000 ; free physical = 16910 ; free virtual = 31633

Phase 2.2 Update Timing before SLR Path Opt
Phase 2.2 Update Timing before SLR Path Opt | Checksum: 19d0fbb22

Time (s): cpu = 00:00:01 ; elapsed = 00:00:00.33 . Memory (MB): peak = 2992.703 ; gain = 0.000 ; free physical = 16942 ; free virtual = 31666

Phase 2.3 Post-Processing in Floorplanning
Phase 2.3 Post-Processing in Floorplanning | Checksum: 19d0fbb22

Time (s): cpu = 00:00:01 ; elapsed = 00:00:00.33 . Memory (MB): peak = 2992.703 ; gain = 0.000 ; free physical = 16942 ; free virtual = 31666

Phase 2.4 Global Placement Core

Phase 2.4.1 UpdateTiming Before Physical Synthesis
Phase 2.4.1 UpdateTiming Before Physical Synthesis | Checksum: 162b13d5e

Time (s): cpu = 00:00:04 ; elapsed = 00:00:00.94 . Memory (MB): peak = 2992.703 ; gain = 0.000 ; free physical = 16909 ; free virtual = 31632

Phase 2.4.2 Physical Synthesis In Placer
INFO: [Physopt 32-1035] Found 0 LUTNM shape to break, 16 LUT instances to create LUTNM shape
INFO: [Physopt 32-1044] Break lutnm for timing: one critical 0, two critical 0, total 0, new lutff created 0
INFO: [Physopt 32-1138] End 1 Pass. Optimized 8 nets or LUTs. Breaked 0 LUT, combined 8 existing LUTs and moved 0 existing LUT
INFO: [Physopt 32-65] No nets found for high-fanout optimization.
INFO: [Physopt 32-232] Optimized 0 net. Created 0 new instance.
INFO: [Physopt 32-775] End 1 Pass. Optimized 0 net or cell. Created 0 new cell, deleted 0 existing cell and moved 0 existing cell
INFO: [Physopt 32-670] No setup violation found.  DSP Register Optimization was not performed.
INFO: [Physopt 32-670] No setup violation found.  Shift Register to Pipeline Optimization was not performed.
INFO: [Physopt 32-670] No setup violation found.  Shift Register Optimization was not performed.
INFO: [Physopt 32-670] No setup violation found.  BRAM Register Optimization was not performed.
INFO: [Physopt 32-670] No setup violation found.  URAM Register Optimization was not performed.
INFO: [Physopt 32-949] No candidate nets found for dynamic/static region interface net replication
INFO: [Physopt 32-775] End 1 Pass. Optimized 0 net or cell. Created 0 new cell, deleted 0 existing cell and moved 0 existing cell
Netlist sorting complete. Time (s): cpu = 00:00:00 ; elapsed = 00:00:00 . Memory (MB): peak = 2992.703 ; gain = 0.000 ; free physical = 16905 ; free virtual = 31630

Summary of Physical Synthesis Optimizations
============================================


-----------------------------------------------------------------------------------------------------------------------------------------------------------
|  Optimization                                     |  Added Cells  |  Removed Cells  |  Optimized Cells/Nets  |  Dont Touch  |  Iterations  |  Elapsed   |
-----------------------------------------------------------------------------------------------------------------------------------------------------------
|  LUT Combining                                    |            0  |              8  |                     8  |           0  |           1  |  00:00:00  |
|  Retime                                           |            0  |              0  |                     0  |           0  |           1  |  00:00:00  |
|  Very High Fanout                                 |            0  |              0  |                     0  |           0  |           1  |  00:00:00  |
|  DSP Register                                     |            0  |              0  |                     0  |           0  |           0  |  00:00:00  |
|  Shift Register to Pipeline                       |            0  |              0  |                     0  |           0  |           0  |  00:00:00  |
|  Shift Register                                   |            0  |              0  |                     0  |           0  |           0  |  00:00:00  |
|  BRAM Register                                    |            0  |              0  |                     0  |           0  |           0  |  00:00:00  |
|  URAM Register                                    |            0  |              0  |                     0  |           0  |           0  |  00:00:00  |
|  Dynamic/Static Region Interface Net Replication  |            0  |              0  |                     0  |           0  |           1  |  00:00:00  |
|  Total                                            |            0  |              8  |                     8  |           0  |           4  |  00:00:00  |
-----------------------------------------------------------------------------------------------------------------------------------------------------------


Phase 2.4.2 Physical Synthesis In Placer | Checksum: 204a39e33

Time (s): cpu = 00:00:04 ; elapsed = 00:00:01 . Memory (MB): peak = 2992.703 ; gain = 0.000 ; free physical = 16905 ; free virtual = 31630
Phase 2.4 Global Placement Core | Checksum: 129c1e46c

Time (s): cpu = 00:00:05 ; elapsed = 00:00:01 . Memory (MB): peak = 2992.703 ; gain = 0.000 ; free physical = 16904 ; free virtual = 31629
Phase 2 Global Placement | Checksum: 129c1e46c

Time (s): cpu = 00:00:05 ; elapsed = 00:00:01 . Memory (MB): peak = 2992.703 ; gain = 0.000 ; free physical = 16904 ; free virtual = 31629

Phase 3 Detail Placement

Phase 3.1 Commit Multi Column Macros
Phase 3.1 Commit Multi Column Macros | Checksum: 21cb81622

Time (s): cpu = 00:00:05 ; elapsed = 00:00:01 . Memory (MB): peak = 2992.703 ; gain = 0.000 ; free physical = 16903 ; free virtual = 31629

Phase 3.2 Commit Most Macros & LUTRAMs
Phase 3.2 Commit Most Macros & LUTRAMs | Checksum: 108c60dce

Time (s): cpu = 00:00:05 ; elapsed = 00:00:01 . Memory (MB): peak = 2992.703 ; gain = 0.000 ; free physical = 16903 ; free virtual = 31628

Phase 3.3 Area Swap Optimization
Phase 3.3 Area Swap Optimization | Checksum: 11f26f52a

Time (s): cpu = 00:00:05 ; elapsed = 00:00:01 . Memory (MB): peak = 2992.703 ; gain = 0.000 ; free physical = 16903 ; free virtual = 31628

Phase 3.4 Pipeline Register Optimization
Phase 3.4 Pipeline Register Optimization | Checksum: 12c077c9a

Time (s): cpu = 00:00:05 ; elapsed = 00:00:01 . Memory (MB): peak = 2992.703 ; gain = 0.000 ; free physical = 16903 ; free virtual = 31628

Phase 3.5 Small Shape Detail Placement
Phase 3.5 Small Shape Detail Placement | Checksum: 135dd790d

Time (s): cpu = 00:00:06 ; elapsed = 00:00:01 . Memory (MB): peak = 2992.703 ; gain = 0.000 ; free physical = 16909 ; free virtual = 31628

Phase 3.6 Re-assign LUT pins
Phase 3.6 Re-assign LUT pins | Checksum: 1b4a24251

Time (s): cpu = 00:00:06 ; elapsed = 00:00:02 . Memory (MB): peak = 2992.703 ; gain = 0.000 ; free physical = 16908 ; free virtual = 31627

Phase 3.7 Pipeline Register Optimization
Phase 3.7 Pipeline Register Optimization | Checksum: 1c982c981

Time (s): cpu = 00:00:06 ; elapsed = 00:00:02 . Memory (MB): peak = 2992.703 ; gain = 0.000 ; free physical = 16908 ; free virtual = 31627
Phase 3 Detail Placement | Checksum: 1c982c981

Time (s): cpu = 00:00:06 ; elapsed = 00:00:02 . Memory (MB): peak = 2992.703 ; gain = 0.000 ; free physical = 16908 ; free virtual = 31627

Phase 4 Post Placement Optimization and Clean-Up

Phase 4.1 Post Commit Optimization
INFO: [Timing 38-35] Done setting XDC timing constraints.

Phase 4.1.1 Post Placement Optimization
Post Placement Optimization Initialization | Checksum: 14dac8e46

Phase 4.1.1.1 BUFG Insertion

Starting Physical Synthesis Task

Phase 1 Physical Synthesis Initialization
INFO: [Physopt 32-721] Multithreading enabled for phys_opt_design using a maximum of 8 CPUs
INFO: [Physopt 32-619] Estimated Timing Summary | WNS=0.753 | TNS=0.000 |
Phase 1 Physical Synthesis Initialization | Checksum: 158df4741

Time (s): cpu = 00:00:00.06 ; elapsed = 00:00:00.02 . Memory (MB): peak = 2992.703 ; gain = 0.000 ; free physical = 16908 ; free virtual = 31627
INFO: [Place 46-56] BUFG insertion identified 0 candidate nets. Inserted BUFG: 0, Replicated BUFG Driver: 0, Skipped due to Placement/Routing Conflicts: 0, Skipped due to Timing Degradation: 0, Skipped due to netlist editing failed: 0.
Ending Physical Synthesis Task | Checksum: 158df4741

Time (s): cpu = 00:00:00.07 ; elapsed = 00:00:00.03 . Memory (MB): peak = 2992.703 ; gain = 0.000 ; free physical = 16908 ; free virtual = 31627
Phase 4.1.1.1 BUFG Insertion | Checksum: 14dac8e46

Time (s): cpu = 00:00:06 ; elapsed = 00:00:02 . Memory (MB): peak = 2992.703 ; gain = 0.000 ; free physical = 16908 ; free virtual = 31627

Phase 4.1.1.2 Post Placement Timing Optimization
INFO: [Place 30-746] Post Placement Timing Summary WNS=0.753. For the most accurate timing information please run report_timing.
Phase 4.1.1.2 Post Placement Timing Optimization | Checksum: 1f4edf98b

Time (s): cpu = 00:00:06 ; elapsed = 00:00:02 . Memory (MB): peak = 2992.703 ; gain = 0.000 ; free physical = 16907 ; free virtual = 31627

Time (s): cpu = 00:00:06 ; elapsed = 00:00:02 . Memory (MB): peak = 2992.703 ; gain = 0.000 ; free physical = 16907 ; free virtual = 31627
Phase 4.1 Post Commit Optimization | Checksum: 1f4edf98b

Time (s): cpu = 00:00:06 ; elapsed = 00:00:02 . Memory (MB): peak = 2992.703 ; gain = 0.000 ; free physical = 16907 ; free virtual = 31627

Phase 4.2 Post Placement Cleanup
Phase 4.2 Post Placement Cleanup | Checksum: 1f4edf98b

Time (s): cpu = 00:00:06 ; elapsed = 00:00:02 . Memory (MB): peak = 2992.703 ; gain = 0.000 ; free physical = 16907 ; free virtual = 31627

Phase 4.3 Placer Reporting

Phase 4.3.1 Print Estimated Congestion
INFO: [Place 30-612] Post-Placement Estimated Congestion 
 ____________________________________________________
|           | Global Congestion | Short Congestion  |
| Direction | Region Size       | Region Size       |
|___________|___________________|___________________|
|      North|                1x1|                1x1|
|___________|___________________|___________________|
|      South|                1x1|                1x1|
|___________|___________________|___________________|
|       East|                1x1|                1x1|
|___________|___________________|___________________|
|       West|                1x1|                1x1|
|___________|___________________|___________________|

Phase 4.3.1 Print Estimated Congestion | Checksum: 1f4edf98b

Time (s): cpu = 00:00:06 ; elapsed = 00:00:02 . Memory (MB): peak = 2992.703 ; gain = 0.000 ; free physical = 16907 ; free virtual = 31627
Phase 4.3 Placer Reporting | Checksum: 1f4edf98b

Time (s): cpu = 00:00:06 ; elapsed = 00:00:02 . Memory (MB): peak = 2992.703 ; gain = 0.000 ; free physical = 16907 ; free virtual = 31627

Phase 4.4 Final Placement Cleanup
Netlist sorting complete. Time (s): cpu = 00:00:00 ; elapsed = 00:00:00 . Memory (MB): peak = 2992.703 ; gain = 0.000 ; free physical = 16907 ; free virtual = 31627

Time (s): cpu = 00:00:06 ; elapsed = 00:00:02 . Memory (MB): peak = 2992.703 ; gain = 0.000 ; free physical = 16907 ; free virtual = 31627
Phase 4 Post Placement Optimization and Clean-Up | Checksum: 214abb24b

Time (s): cpu = 00:00:06 ; elapsed = 00:00:02 . Memory (MB): peak = 2992.703 ; gain = 0.000 ; free physical = 16907 ; free virtual = 31627
Ending Placer Task | Checksum: 142b7a3a9

Time (s): cpu = 00:00:06 ; elapsed = 00:00:02 . Memory (MB): peak = 2992.703 ; gain = 0.000 ; free physical = 16907 ; free virtual = 31627
67 Infos, 0 Warnings, 0 Critical Warnings and 0 Errors encountered.
place_design completed successfully
INFO: [runtcl-4] Executing : report_io -file arty_top_io_placed.rpt
report_io: Time (s): cpu = 00:00:00.05 ; elapsed = 00:00:00.07 . Memory (MB): peak = 2992.703 ; gain = 0.000 ; free physical = 16900 ; free virtual = 31619
INFO: [runtcl-4] Executing : report_utilization -file arty_top_utilization_placed.rpt -pb arty_top_utilization_placed.pb
INFO: [runtcl-4] Executing : report_control_sets -verbose -file arty_top_control_sets_placed.rpt
report_control_sets: Time (s): cpu = 00:00:00.01 ; elapsed = 00:00:00.04 . Memory (MB): peak = 2992.703 ; gain = 0.000 ; free physical = 16901 ; free virtual = 31621
INFO: [Timing 38-480] Writing timing data to binary archive.
Write ShapeDB Complete: Time (s): cpu = 00:00:00.01 ; elapsed = 00:00:00.01 . Memory (MB): peak = 2992.703 ; gain = 0.000 ; free physical = 16901 ; free virtual = 31621
Wrote PlaceDB: Time (s): cpu = 00:00:00.1 ; elapsed = 00:00:00.03 . Memory (MB): peak = 2992.703 ; gain = 0.000 ; free physical = 16900 ; free virtual = 31621
Wrote PulsedLatchDB: Time (s): cpu = 00:00:00 ; elapsed = 00:00:00 . Memory (MB): peak = 2992.703 ; gain = 0.000 ; free physical = 16900 ; free virtual = 31621
Writing XDEF routing.
Writing XDEF routing logical nets.
Writing XDEF routing special nets.
Wrote RouteStorage: Time (s): cpu = 00:00:00.03 ; elapsed = 00:00:00.01 . Memory (MB): peak = 2992.703 ; gain = 0.000 ; free physical = 16899 ; free virtual = 31619
Wrote Netlist Cache: Time (s): cpu = 00:00:00 ; elapsed = 00:00:00 . Memory (MB): peak = 2992.703 ; gain = 0.000 ; free physical = 16898 ; free virtual = 31619
Wrote Device Cache: Time (s): cpu = 00:00:00 ; elapsed = 00:00:00 . Memory (MB): peak = 2992.703 ; gain = 0.000 ; free physical = 16898 ; free virtual = 31619
Write Physdb Complete: Time (s): cpu = 00:00:00.14 ; elapsed = 00:00:00.04 . Memory (MB): peak = 2992.703 ; gain = 0.000 ; free physical = 16898 ; free virtual = 31619
INFO: [Common 17-1381] The checkpoint '/home/carson_dawg01/projects/ml_kem/ntt-butterfly-sky26c/arty_a7_100t/vivado_project/arty_top_proj/arty_top_proj.runs/impl_1/arty_top_placed.dcp' has been generated.
Command: phys_opt_design
Attempting to get a license for feature 'Implementation' and/or device 'xc7a100t'
INFO: [Common 17-349] Got license for feature 'Implementation' and/or device 'xc7a100t'

Starting Initial Update Timing Task

Time (s): cpu = 00:00:00.12 ; elapsed = 00:00:00.06 . Memory (MB): peak = 2992.703 ; gain = 0.000 ; free physical = 16881 ; free virtual = 31601
INFO: [Vivado_Tcl 4-383] Design worst setup slack (WNS) is greater than or equal to 0.000 ns. Skipping all physical synthesis optimizations.
INFO: [Vivado_Tcl 4-232] No setup violation found. The netlist was not modified.
INFO: [Common 17-83] Releasing license: Implementation
76 Infos, 0 Warnings, 0 Critical Warnings and 0 Errors encountered.
phys_opt_design completed successfully
INFO: [Timing 38-480] Writing timing data to binary archive.
Write ShapeDB Complete: Time (s): cpu = 00:00:00 ; elapsed = 00:00:00 . Memory (MB): peak = 2992.703 ; gain = 0.000 ; free physical = 16881 ; free virtual = 31601
Wrote PlaceDB: Time (s): cpu = 00:00:00.1 ; elapsed = 00:00:00.02 . Memory (MB): peak = 2992.703 ; gain = 0.000 ; free physical = 16878 ; free virtual = 31599
Wrote PulsedLatchDB: Time (s): cpu = 00:00:00 ; elapsed = 00:00:00 . Memory (MB): peak = 2992.703 ; gain = 0.000 ; free physical = 16878 ; free virtual = 31599
Writing XDEF routing.
Writing XDEF routing logical nets.
Writing XDEF routing special nets.
Wrote RouteStorage: Time (s): cpu = 00:00:00.03 ; elapsed = 00:00:00.01 . Memory (MB): peak = 2992.703 ; gain = 0.000 ; free physical = 16878 ; free virtual = 31599
Wrote Netlist Cache: Time (s): cpu = 00:00:00 ; elapsed = 00:00:00 . Memory (MB): peak = 2992.703 ; gain = 0.000 ; free physical = 16877 ; free virtual = 31598
Wrote Device Cache: Time (s): cpu = 00:00:00.01 ; elapsed = 00:00:00.01 . Memory (MB): peak = 2992.703 ; gain = 0.000 ; free physical = 16877 ; free virtual = 31599
Write Physdb Complete: Time (s): cpu = 00:00:00.14 ; elapsed = 00:00:00.04 . Memory (MB): peak = 2992.703 ; gain = 0.000 ; free physical = 16877 ; free virtual = 31599
INFO: [Common 17-1381] The checkpoint '/home/carson_dawg01/projects/ml_kem/ntt-butterfly-sky26c/arty_a7_100t/vivado_project/arty_top_proj/arty_top_proj.runs/impl_1/arty_top_physopt.dcp' has been generated.
Command: route_design
Attempting to get a license for feature 'Implementation' and/or device 'xc7a100t'
INFO: [Common 17-349] Got license for feature 'Implementation' and/or device 'xc7a100t'
Running DRC as a precondition to command route_design
INFO: [DRC 23-27] Running DRC with 8 threads
INFO: [Vivado_Tcl 4-198] DRC finished with 0 Errors
INFO: [Vivado_Tcl 4-199] Please refer to the DRC report (report_drc) for more information.


Starting Routing Task
INFO: [Route 35-254] Multithreading enabled for route_design using a maximum of 8 CPUs

Phase 1 Build RT Design
Checksum: PlaceDB: ff754d1c ConstDB: 0 ShapeSum: 4342568d RouteDB: 0
Post Restoration Checksum: NetGraph: 3504d358 | NumContArr: 492d49ad | Constraints: c2a8fa9d | Timing: c2a8fa9d
Phase 1 Build RT Design | Checksum: 20384123f

Time (s): cpu = 00:00:16 ; elapsed = 00:00:14 . Memory (MB): peak = 2992.703 ; gain = 0.000 ; free physical = 16807 ; free virtual = 31494

Phase 2 Router Initialization

Phase 2.1 Fix Topology Constraints
Phase 2.1 Fix Topology Constraints | Checksum: 20384123f

Time (s): cpu = 00:00:16 ; elapsed = 00:00:14 . Memory (MB): peak = 2992.703 ; gain = 0.000 ; free physical = 16807 ; free virtual = 31495

Phase 2.2 Pre Route Cleanup
Phase 2.2 Pre Route Cleanup | Checksum: 20384123f

Time (s): cpu = 00:00:16 ; elapsed = 00:00:14 . Memory (MB): peak = 2992.703 ; gain = 0.000 ; free physical = 16807 ; free virtual = 31495
 Number of Nodes with overlaps = 0

Phase 2.3 Update Timing
Phase 2.3 Update Timing | Checksum: 2fe4da660

Time (s): cpu = 00:00:17 ; elapsed = 00:00:14 . Memory (MB): peak = 2992.703 ; gain = 0.000 ; free physical = 16793 ; free virtual = 31483
INFO: [Route 35-416] Intermediate Timing Summary | WNS=0.779  | TNS=0.000  | WHS=-0.093 | THS=-5.388 |


Router Utilization Summary
  Global Vertical Routing Utilization    = 0 %
  Global Horizontal Routing Utilization  = 0 %
  Routable Net Status*
  *Does not include unroutable nets such as driverless and loadless.
  Run report_route_status for detailed report.
  Number of Failed Nets               = 944
    (Failed Nets is the sum of unrouted and partially routed nets)
  Number of Unrouted Nets             = 944
  Number of Partially Routed Nets     = 0
  Number of Node Overlaps             = 0

Phase 2 Router Initialization | Checksum: 32d9eb3a8

Time (s): cpu = 00:00:18 ; elapsed = 00:00:14 . Memory (MB): peak = 2992.703 ; gain = 0.000 ; free physical = 16785 ; free virtual = 31474

Phase 3 Initial Routing

Phase 3.1 Global Routing
Phase 3.1 Global Routing | Checksum: 32d9eb3a8

Time (s): cpu = 00:00:18 ; elapsed = 00:00:14 . Memory (MB): peak = 2992.703 ; gain = 0.000 ; free physical = 16785 ; free virtual = 31474

Phase 3.2 Initial Net Routing
Phase 3.2 Initial Net Routing | Checksum: 21bddf03b

Time (s): cpu = 00:00:18 ; elapsed = 00:00:14 . Memory (MB): peak = 2992.703 ; gain = 0.000 ; free physical = 16784 ; free virtual = 31474
Phase 3 Initial Routing | Checksum: 21bddf03b

Time (s): cpu = 00:00:18 ; elapsed = 00:00:14 . Memory (MB): peak = 2992.703 ; gain = 0.000 ; free physical = 16784 ; free virtual = 31474

Phase 4 Rip-up And Reroute

Phase 4.1 Global Iteration 0
 Number of Nodes with overlaps = 93
 Number of Nodes with overlaps = 31
 Number of Nodes with overlaps = 14
 Number of Nodes with overlaps = 10
 Number of Nodes with overlaps = 5
 Number of Nodes with overlaps = 1
 Number of Nodes with overlaps = 1
 Number of Nodes with overlaps = 0
INFO: [Route 35-416] Intermediate Timing Summary | WNS=0.864  | TNS=0.000  | WHS=N/A    | THS=N/A    |

Phase 4.1 Global Iteration 0 | Checksum: 1c2121fa2

Time (s): cpu = 00:00:19 ; elapsed = 00:00:15 . Memory (MB): peak = 2992.703 ; gain = 0.000 ; free physical = 16783 ; free virtual = 31473
Phase 4 Rip-up And Reroute | Checksum: 1c2121fa2

Time (s): cpu = 00:00:19 ; elapsed = 00:00:15 . Memory (MB): peak = 2992.703 ; gain = 0.000 ; free physical = 16783 ; free virtual = 31473

Phase 5 Delay and Skew Optimization

Phase 5.1 Delay CleanUp

Phase 5.1.1 Update Timing
Phase 5.1.1 Update Timing | Checksum: 290cacc58

Time (s): cpu = 00:00:19 ; elapsed = 00:00:15 . Memory (MB): peak = 2992.703 ; gain = 0.000 ; free physical = 16791 ; free virtual = 31480
INFO: [Route 35-416] Intermediate Timing Summary | WNS=0.967  | TNS=0.000  | WHS=N/A    | THS=N/A    |

Phase 5.1 Delay CleanUp | Checksum: 290cacc58

Time (s): cpu = 00:00:19 ; elapsed = 00:00:15 . Memory (MB): peak = 2992.703 ; gain = 0.000 ; free physical = 16791 ; free virtual = 31481

Phase 5.2 Clock Skew Optimization
Phase 5.2 Clock Skew Optimization | Checksum: 290cacc58

Time (s): cpu = 00:00:19 ; elapsed = 00:00:15 . Memory (MB): peak = 2992.703 ; gain = 0.000 ; free physical = 16791 ; free virtual = 31481
Phase 5 Delay and Skew Optimization | Checksum: 290cacc58

Time (s): cpu = 00:00:19 ; elapsed = 00:00:15 . Memory (MB): peak = 2992.703 ; gain = 0.000 ; free physical = 16791 ; free virtual = 31481

Phase 6 Post Hold Fix

Phase 6.1 Hold Fix Iter

Phase 6.1.1 Update Timing
Phase 6.1.1 Update Timing | Checksum: 20a50839e

Time (s): cpu = 00:00:19 ; elapsed = 00:00:15 . Memory (MB): peak = 2992.703 ; gain = 0.000 ; free physical = 16791 ; free virtual = 31481
INFO: [Route 35-416] Intermediate Timing Summary | WNS=0.967  | TNS=0.000  | WHS=0.172  | THS=0.000  |

Phase 6.1 Hold Fix Iter | Checksum: 1fbc81d4d

Time (s): cpu = 00:00:19 ; elapsed = 00:00:15 . Memory (MB): peak = 2992.703 ; gain = 0.000 ; free physical = 16791 ; free virtual = 31481
Phase 6 Post Hold Fix | Checksum: 1fbc81d4d

Time (s): cpu = 00:00:19 ; elapsed = 00:00:15 . Memory (MB): peak = 2992.703 ; gain = 0.000 ; free physical = 16791 ; free virtual = 31481

Phase 7 Route finalize

Router Utilization Summary
  Global Vertical Routing Utilization    = 0.157766 %
  Global Horizontal Routing Utilization  = 0.210145 %
  Routable Net Status*
  *Does not include unroutable nets such as driverless and loadless.
  Run report_route_status for detailed report.
  Number of Failed Nets               = 0
    (Failed Nets is the sum of unrouted and partially routed nets)
  Number of Unrouted Nets             = 0
  Number of Partially Routed Nets     = 0
  Number of Node Overlaps             = 0

Phase 7 Route finalize | Checksum: 1fbc81d4d

Time (s): cpu = 00:00:19 ; elapsed = 00:00:15 . Memory (MB): peak = 2992.703 ; gain = 0.000 ; free physical = 16791 ; free virtual = 31481

Phase 8 Verifying routed nets

 Verification completed successfully
Phase 8 Verifying routed nets | Checksum: 1fbc81d4d

Time (s): cpu = 00:00:19 ; elapsed = 00:00:15 . Memory (MB): peak = 2992.703 ; gain = 0.000 ; free physical = 16791 ; free virtual = 31481

Phase 9 Depositing Routes
Phase 9 Depositing Routes | Checksum: 227af2e95

Time (s): cpu = 00:00:19 ; elapsed = 00:00:15 . Memory (MB): peak = 2992.703 ; gain = 0.000 ; free physical = 16791 ; free virtual = 31480

Phase 10 Post Router Timing
INFO: [Route 35-57] Estimated Timing Summary | WNS=0.967  | TNS=0.000  | WHS=0.172  | THS=0.000  |

INFO: [Route 35-327] The final timing numbers are based on the router estimated timing analysis. For a complete and accurate timing signoff, please run report_timing_summary.
Phase 10 Post Router Timing | Checksum: 227af2e95

Time (s): cpu = 00:00:19 ; elapsed = 00:00:15 . Memory (MB): peak = 2992.703 ; gain = 0.000 ; free physical = 16791 ; free virtual = 31480
INFO: [Route 35-16] Router Completed Successfully

Phase 11 Post-Route Event Processing
Phase 11 Post-Route Event Processing | Checksum: 12dfd4c12

Time (s): cpu = 00:00:19 ; elapsed = 00:00:15 . Memory (MB): peak = 2992.703 ; gain = 0.000 ; free physical = 16790 ; free virtual = 31480
Ending Routing Task | Checksum: 12dfd4c12

Time (s): cpu = 00:00:19 ; elapsed = 00:00:15 . Memory (MB): peak = 2992.703 ; gain = 0.000 ; free physical = 16790 ; free virtual = 31481

Routing Is Done.
INFO: [Common 17-83] Releasing license: Implementation
91 Infos, 0 Warnings, 0 Critical Warnings and 0 Errors encountered.
route_design completed successfully
route_design: Time (s): cpu = 00:00:20 ; elapsed = 00:00:15 . Memory (MB): peak = 2992.703 ; gain = 0.000 ; free physical = 16790 ; free virtual = 31481
INFO: [runtcl-4] Executing : report_drc -file arty_top_drc_routed.rpt -pb arty_top_drc_routed.pb -rpx arty_top_drc_routed.rpx
Command: report_drc -file arty_top_drc_routed.rpt -pb arty_top_drc_routed.pb -rpx arty_top_drc_routed.rpx
INFO: [IP_Flow 19-1839] IP Catalog is up to date.
INFO: [DRC 23-27] Running DRC with 8 threads
INFO: [Vivado_Tcl 2-168] The results of DRC are in file /home/carson_dawg01/projects/ml_kem/ntt-butterfly-sky26c/arty_a7_100t/vivado_project/arty_top_proj/arty_top_proj.runs/impl_1/arty_top_drc_routed.rpt.
report_drc completed successfully
INFO: [runtcl-4] Executing : report_methodology -file arty_top_methodology_drc_routed.rpt -pb arty_top_methodology_drc_routed.pb -rpx arty_top_methodology_drc_routed.rpx
Command: report_methodology -file arty_top_methodology_drc_routed.rpt -pb arty_top_methodology_drc_routed.pb -rpx arty_top_methodology_drc_routed.rpx
INFO: [Timing 38-35] Done setting XDC timing constraints.
INFO: [DRC 23-133] Running Methodology with 8 threads
INFO: [Vivado_Tcl 2-1520] The results of Report Methodology are in file /home/carson_dawg01/projects/ml_kem/ntt-butterfly-sky26c/arty_a7_100t/vivado_project/arty_top_proj/arty_top_proj.runs/impl_1/arty_top_methodology_drc_routed.rpt.
report_methodology completed successfully
INFO: [runtcl-4] Executing : report_power -file arty_top_power_routed.rpt -pb arty_top_power_summary_routed.pb -rpx arty_top_power_routed.rpx
Command: report_power -file arty_top_power_routed.rpt -pb arty_top_power_summary_routed.pb -rpx arty_top_power_routed.rpx
INFO: [Timing 38-35] Done setting XDC timing constraints.
Running Vector-less Activity Propagation...

Finished Running Vector-less Activity Propagation
101 Infos, 0 Warnings, 0 Critical Warnings and 0 Errors encountered.
report_power completed successfully
INFO: [runtcl-4] Executing : report_route_status -file arty_top_route_status.rpt -pb arty_top_route_status.pb
INFO: [runtcl-4] Executing : report_timing_summary -max_paths 10 -report_unconstrained -file arty_top_timing_summary_routed.rpt -pb arty_top_timing_summary_routed.pb -rpx arty_top_timing_summary_routed.rpx -warn_on_violation 
INFO: [Timing 38-91] UpdateTimingParams: Speed grade: -1, Delay Type: min_max.
INFO: [Timing 38-191] Multithreading enabled for timing update using a maximum of 8 CPUs
INFO: [runtcl-4] Executing : report_incremental_reuse -file arty_top_incremental_reuse_routed.rpt
INFO: [Vivado_Tcl 4-1062] Incremental flow is disabled. No incremental reuse Info to report.
INFO: [runtcl-4] Executing : report_clock_utilization -file arty_top_clock_utilization_routed.rpt
INFO: [runtcl-4] Executing : report_bus_skew -warn_on_violation -file arty_top_bus_skew_routed.rpt -pb arty_top_bus_skew_routed.pb -rpx arty_top_bus_skew_routed.rpx
INFO: [Timing 38-91] UpdateTimingParams: Speed grade: -1, Delay Type: min_max.
INFO: [Timing 38-191] Multithreading enabled for timing update using a maximum of 8 CPUs
INFO: [Timing 38-480] Writing timing data to binary archive.
Write ShapeDB Complete: Time (s): cpu = 00:00:00.01 ; elapsed = 00:00:00 . Memory (MB): peak = 3069.859 ; gain = 0.000 ; free physical = 16744 ; free virtual = 31435
Wrote PlaceDB: Time (s): cpu = 00:00:00.11 ; elapsed = 00:00:00.03 . Memory (MB): peak = 3069.859 ; gain = 0.000 ; free physical = 16743 ; free virtual = 31436
Wrote PulsedLatchDB: Time (s): cpu = 00:00:00 ; elapsed = 00:00:00 . Memory (MB): peak = 3069.859 ; gain = 0.000 ; free physical = 16743 ; free virtual = 31436
Writing XDEF routing.
Writing XDEF routing logical nets.
Writing XDEF routing special nets.
Wrote RouteStorage: Time (s): cpu = 00:00:00.03 ; elapsed = 00:00:00.01 . Memory (MB): peak = 3069.859 ; gain = 0.000 ; free physical = 16743 ; free virtual = 31436
Wrote Netlist Cache: Time (s): cpu = 00:00:00 ; elapsed = 00:00:00 . Memory (MB): peak = 3069.859 ; gain = 0.000 ; free physical = 16742 ; free virtual = 31435
Wrote Device Cache: Time (s): cpu = 00:00:00.01 ; elapsed = 00:00:00 . Memory (MB): peak = 3069.859 ; gain = 0.000 ; free physical = 16742 ; free virtual = 31435
Write Physdb Complete: Time (s): cpu = 00:00:00.15 ; elapsed = 00:00:00.04 . Memory (MB): peak = 3069.859 ; gain = 0.000 ; free physical = 16742 ; free virtual = 31435
INFO: [Common 17-1381] The checkpoint '/home/carson_dawg01/projects/ml_kem/ntt-butterfly-sky26c/arty_a7_100t/vivado_project/arty_top_proj/arty_top_proj.runs/impl_1/arty_top_routed.dcp' has been generated.
INFO: [Common 17-206] Exiting Vivado at Sat Sep  5 09:22:56 2026...

*** Running vivado
    with args -log arty_top.vdi -applog -m64 -product Vivado -messageDb vivado.pb -mode batch -source arty_top.tcl -notrace


****** Vivado v2023.2 (64-bit)
  **** SW Build 4029153 on Fri Oct 13 20:13:54 MDT 2023
  **** IP Build 4028589 on Sat Oct 14 00:45:43 MDT 2023
  **** SharedData Build 4025554 on Tue Oct 10 17:18:54 MDT 2023
    ** Copyright 1986-2022 Xilinx, Inc. All Rights Reserved.
    ** Copyright 2022-2023 Advanced Micro Devices, Inc. All Rights Reserved.

source arty_top.tcl -notrace
Command: open_checkpoint arty_top_routed.dcp
INFO: [Device 21-403] Loading part xc7a100tcsg324-1
Netlist sorting complete. Time (s): cpu = 00:00:00.01 ; elapsed = 00:00:00 . Memory (MB): peak = 1622.219 ; gain = 0.000 ; free physical = 18007 ; free virtual = 32683
INFO: [Netlist 29-17] Analyzing 101 Unisim elements for replacement
INFO: [Netlist 29-28] Unisim Transformation completed in 0 CPU seconds
INFO: [Project 1-479] Netlist was created with Vivado 2023.2
INFO: [Project 1-570] Preparing netlist for logic optimization
Read ShapeDB Complete: Time (s): cpu = 00:00:00.01 ; elapsed = 00:00:00 . Memory (MB): peak = 1689.664 ; gain = 1.000 ; free physical = 17923 ; free virtual = 32599
INFO: [Timing 38-478] Restoring timing data from binary archive.
INFO: [Timing 38-479] Binary timing data restore complete.
INFO: [Project 1-856] Restoring constraints from binary archive.
INFO: [Project 1-853] Binary constraint restore complete.
INFO: [Designutils 20-5722] Start Reading Physical Databases.
Reading placement.
Read Netlist Cache: Time (s): cpu = 00:00:00 ; elapsed = 00:00:00 . Memory (MB): peak = 2285.180 ; gain = 0.000 ; free physical = 17410 ; free virtual = 32086
Reading placer database...
Read Device Cache: Time (s): cpu = 00:00:00.01 ; elapsed = 00:00:00 . Memory (MB): peak = 2285.180 ; gain = 0.000 ; free physical = 17410 ; free virtual = 32086
Read PlaceDB: Time (s): cpu = 00:00:00.02 ; elapsed = 00:00:00.03 . Memory (MB): peak = 2285.180 ; gain = 0.000 ; free physical = 17410 ; free virtual = 32086
Read PulsedLatchDB: Time (s): cpu = 00:00:00 ; elapsed = 00:00:00 . Memory (MB): peak = 2285.180 ; gain = 0.000 ; free physical = 17410 ; free virtual = 32086
Reading routing.
Read RouteStorage: Time (s): cpu = 00:00:00.01 ; elapsed = 00:00:00.01 . Memory (MB): peak = 2285.180 ; gain = 0.000 ; free physical = 17410 ; free virtual = 32086
Read Physdb Files: Time (s): cpu = 00:00:00.04 ; elapsed = 00:00:00.05 . Memory (MB): peak = 2285.180 ; gain = 0.000 ; free physical = 17410 ; free virtual = 32086
Restored from archive | CPU: 0.060000 secs | Memory: 2.404404 MB |
Finished XDEF File Restore: Time (s): cpu = 00:00:00.06 ; elapsed = 00:00:00.08 . Memory (MB): peak = 2285.180 ; gain = 5.938 ; free physical = 17410 ; free virtual = 32086
Netlist sorting complete. Time (s): cpu = 00:00:00 ; elapsed = 00:00:00 . Memory (MB): peak = 2285.180 ; gain = 0.000 ; free physical = 17410 ; free virtual = 32086
INFO: [Project 1-111] Unisim Transformation Summary:
No Unisim elements were transformed.

INFO: [Project 1-604] Checkpoint was created with Vivado v2023.2 (64-bit) build 4029153
open_checkpoint: Time (s): cpu = 00:00:10 ; elapsed = 00:00:10 . Memory (MB): peak = 2285.215 ; gain = 959.094 ; free physical = 17410 ; free virtual = 32086
Command: write_bitstream -force arty_top.bit
Attempting to get a license for feature 'Implementation' and/or device 'xc7a100t'
INFO: [Common 17-349] Got license for feature 'Implementation' and/or device 'xc7a100t'
Running DRC as a precondition to command write_bitstream
INFO: [IP_Flow 19-234] Refreshing IP repositories
INFO: [IP_Flow 19-1704] No user IP repositories specified
INFO: [IP_Flow 19-2313] Loaded Vivado IP repository '/mnt/vivado_ssd/xilinx/Vivado/2023.2/data/ip'.
INFO: [DRC 23-27] Running DRC with 8 threads
WARNING: [DRC DPIP-1] Input pipelining: DSP u_demo/u_fwd_bf/u_mult/T_mu_r_reg input u_demo/u_fwd_bf/u_mult/T_mu_r_reg/A[29:0] is not pipelined. Pipelining DSP48 input will improve performance.
WARNING: [DRC DPIP-1] Input pipelining: DSP u_demo/u_fwd_bf/u_mult/r_r_reg input u_demo/u_fwd_bf/u_mult/r_r_reg/A[29:0] is not pipelined. Pipelining DSP48 input will improve performance.
WARNING: [DRC DPIP-1] Input pipelining: DSP u_demo/u_inv_bf/u_mult/T_mu_r_reg input u_demo/u_inv_bf/u_mult/T_mu_r_reg/A[29:0] is not pipelined. Pipelining DSP48 input will improve performance.
WARNING: [DRC DPIP-1] Input pipelining: DSP u_demo/u_inv_bf/u_mult/r_r_reg input u_demo/u_inv_bf/u_mult/r_r_reg/A[29:0] is not pipelined. Pipelining DSP48 input will improve performance.
WARNING: [DRC DPIP-1] Input pipelining: DSP u_demo/u_scale/T_mu_r_reg input u_demo/u_scale/T_mu_r_reg/A[29:0] is not pipelined. Pipelining DSP48 input will improve performance.
WARNING: [DRC DPIP-1] Input pipelining: DSP u_demo/u_scale/r_r_reg input u_demo/u_scale/r_r_reg/A[29:0] is not pipelined. Pipelining DSP48 input will improve performance.
WARNING: [DRC DPOP-2] MREG Output pipelining: DSP u_demo/u_fwd_bf/u_mult/T_mu_r_reg multiplier stage u_demo/u_fwd_bf/u_mult/T_mu_r_reg/P[47:0] is not pipelined (MREG=0). Pipelining the multiplier function will improve performance and will save significant power so it is suggested whenever possible to fully pipeline this function.  If this multiplier was inferred, it is suggested to describe an additional register stage after this function.  If there is no registered adder/accumulator following the multiply function, two pipeline stages are suggested to allow both the MREG and PREG registers to be used.  If the DSP48 was instantiated in the design, it is suggested to set both the MREG and PREG attributes to 1 when performing multiply functions.
WARNING: [DRC DPOP-2] MREG Output pipelining: DSP u_demo/u_fwd_bf/u_mult/T_r_reg multiplier stage u_demo/u_fwd_bf/u_mult/T_r_reg/P[47:0] is not pipelined (MREG=0). Pipelining the multiplier function will improve performance and will save significant power so it is suggested whenever possible to fully pipeline this function.  If this multiplier was inferred, it is suggested to describe an additional register stage after this function.  If there is no registered adder/accumulator following the multiply function, two pipeline stages are suggested to allow both the MREG and PREG registers to be used.  If the DSP48 was instantiated in the design, it is suggested to set both the MREG and PREG attributes to 1 when performing multiply functions.
WARNING: [DRC DPOP-2] MREG Output pipelining: DSP u_demo/u_fwd_bf/u_mult/r_r_reg multiplier stage u_demo/u_fwd_bf/u_mult/r_r_reg/P[47:0] is not pipelined (MREG=0). Pipelining the multiplier function will improve performance and will save significant power so it is suggested whenever possible to fully pipeline this function.  If this multiplier was inferred, it is suggested to describe an additional register stage after this function.  If there is no registered adder/accumulator following the multiply function, two pipeline stages are suggested to allow both the MREG and PREG registers to be used.  If the DSP48 was instantiated in the design, it is suggested to set both the MREG and PREG attributes to 1 when performing multiply functions.
WARNING: [DRC DPOP-2] MREG Output pipelining: DSP u_demo/u_inv_bf/u_mult/T_mu_r_reg multiplier stage u_demo/u_inv_bf/u_mult/T_mu_r_reg/P[47:0] is not pipelined (MREG=0). Pipelining the multiplier function will improve performance and will save significant power so it is suggested whenever possible to fully pipeline this function.  If this multiplier was inferred, it is suggested to describe an additional register stage after this function.  If there is no registered adder/accumulator following the multiply function, two pipeline stages are suggested to allow both the MREG and PREG registers to be used.  If the DSP48 was instantiated in the design, it is suggested to set both the MREG and PREG attributes to 1 when performing multiply functions.
WARNING: [DRC DPOP-2] MREG Output pipelining: DSP u_demo/u_inv_bf/u_mult/T_r_reg multiplier stage u_demo/u_inv_bf/u_mult/T_r_reg/P[47:0] is not pipelined (MREG=0). Pipelining the multiplier function will improve performance and will save significant power so it is suggested whenever possible to fully pipeline this function.  If this multiplier was inferred, it is suggested to describe an additional register stage after this function.  If there is no registered adder/accumulator following the multiply function, two pipeline stages are suggested to allow both the MREG and PREG registers to be used.  If the DSP48 was instantiated in the design, it is suggested to set both the MREG and PREG attributes to 1 when performing multiply functions.
WARNING: [DRC DPOP-2] MREG Output pipelining: DSP u_demo/u_inv_bf/u_mult/r_r_reg multiplier stage u_demo/u_inv_bf/u_mult/r_r_reg/P[47:0] is not pipelined (MREG=0). Pipelining the multiplier function will improve performance and will save significant power so it is suggested whenever possible to fully pipeline this function.  If this multiplier was inferred, it is suggested to describe an additional register stage after this function.  If there is no registered adder/accumulator following the multiply function, two pipeline stages are suggested to allow both the MREG and PREG registers to be used.  If the DSP48 was instantiated in the design, it is suggested to set both the MREG and PREG attributes to 1 when performing multiply functions.
WARNING: [DRC DPOP-2] MREG Output pipelining: DSP u_demo/u_scale/T_mu_r_reg multiplier stage u_demo/u_scale/T_mu_r_reg/P[47:0] is not pipelined (MREG=0). Pipelining the multiplier function will improve performance and will save significant power so it is suggested whenever possible to fully pipeline this function.  If this multiplier was inferred, it is suggested to describe an additional register stage after this function.  If there is no registered adder/accumulator following the multiply function, two pipeline stages are suggested to allow both the MREG and PREG registers to be used.  If the DSP48 was instantiated in the design, it is suggested to set both the MREG and PREG attributes to 1 when performing multiply functions.
WARNING: [DRC DPOP-2] MREG Output pipelining: DSP u_demo/u_scale/T_r_reg multiplier stage u_demo/u_scale/T_r_reg/P[47:0] is not pipelined (MREG=0). Pipelining the multiplier function will improve performance and will save significant power so it is suggested whenever possible to fully pipeline this function.  If this multiplier was inferred, it is suggested to describe an additional register stage after this function.  If there is no registered adder/accumulator following the multiply function, two pipeline stages are suggested to allow both the MREG and PREG registers to be used.  If the DSP48 was instantiated in the design, it is suggested to set both the MREG and PREG attributes to 1 when performing multiply functions.
WARNING: [DRC DPOP-2] MREG Output pipelining: DSP u_demo/u_scale/r_r_reg multiplier stage u_demo/u_scale/r_r_reg/P[47:0] is not pipelined (MREG=0). Pipelining the multiplier function will improve performance and will save significant power so it is suggested whenever possible to fully pipeline this function.  If this multiplier was inferred, it is suggested to describe an additional register stage after this function.  If there is no registered adder/accumulator following the multiply function, two pipeline stages are suggested to allow both the MREG and PREG registers to be used.  If the DSP48 was instantiated in the design, it is suggested to set both the MREG and PREG attributes to 1 when performing multiply functions.
INFO: [Vivado 12-3199] DRC finished with 0 Errors, 15 Warnings
INFO: [Vivado 12-3200] Please refer to the DRC report (report_drc) for more information.
INFO: [Designutils 20-2272] Running write_bitstream with 8 threads.
Loading data files...
Loading site data...
Loading route data...
Processing options...
Creating bitmap...
Creating bitstream...
Writing bitstream ./arty_top.bit...
INFO: [Vivado 12-1842] Bitgen Completed Successfully.
INFO: [Project 1-1876] WebTalk data collection is mandatory when using a ULT device. To see the specific WebTalk data collected for your design, open the usage_statistics_webtalk.html or usage_statistics_webtalk.xml file in the implementation directory.
INFO: [Common 17-83] Releasing license: Implementation
23 Infos, 15 Warnings, 0 Critical Warnings and 0 Errors encountered.
write_bitstream completed successfully
write_bitstream: Time (s): cpu = 00:00:07 ; elapsed = 00:00:08 . Memory (MB): peak = 2826.129 ; gain = 540.914 ; free physical = 16986 ; free virtual = 31670
INFO: [Common 17-206] Exiting Vivado at Sat Sep  5 09:23:26 2026...
