#-----------------------------------------------------------
# Vivado v2023.2 (64-bit)
# SW Build 4029153 on Fri Oct 13 20:13:54 MDT 2023
# IP Build 4028589 on Sat Oct 14 00:45:43 MDT 2023
# SharedData Build 4025554 on Tue Oct 10 17:18:54 MDT 2023
# Start of session at: Thu Sep  3 20:54:01 2026
# Process ID: 960700
# Current directory: /home/carson_dawg01/projects/ml_kem/ntt-butterfly-sky26c/arty_a7_100t/vivado_project/arty_top_proj/arty_top_proj.runs/impl_1
# Command line: vivado -log arty_top.vdi -applog -product Vivado -messageDb vivado.pb -mode batch -source arty_top.tcl -notrace
# Log file: /home/carson_dawg01/projects/ml_kem/ntt-butterfly-sky26c/arty_a7_100t/vivado_project/arty_top_proj/arty_top_proj.runs/impl_1/arty_top.vdi
# Journal file: /home/carson_dawg01/projects/ml_kem/ntt-butterfly-sky26c/arty_a7_100t/vivado_project/arty_top_proj/arty_top_proj.runs/impl_1/vivado.jou
# Running On: carson-matthers-ThinkPad, OS: Linux, CPU Frequency: 800.000 MHz, CPU Physical cores: 8, Host memory: 33341 MB
#-----------------------------------------------------------
source arty_top.tcl -notrace
