Copyright 1986-2022 Xilinx, Inc. All Rights Reserved. Copyright 2022-2023 Advanced Micro Devices, Inc. All Rights Reserved.
---------------------------------------------------------------------------------------------------------------------------------------------
| Tool Version : Vivado v.2023.2 (lin64) Build 4029153 Fri Oct 13 20:13:54 MDT 2023
| Date         : Fri Aug 21 17:49:51 2026
| Host         : coder-mboudames-tt26 running 64-bit Ubuntu 24.04.4 LTS
| Command      : report_utilization -slr -file slr_util_placed.rpt -pb slr_util_placed.pb
| Design       : level0_wrapper
| Device       : xcu55c-fsvh2892-2L-e
| Speed File   : -2L
| Design State : Fully Placed
---------------------------------------------------------------------------------------------------------------------------------------------

Utilization Design Information

Table of Contents
-----------------
1. SLR Connectivity
2. SLR Connectivity Matrix
3. SLR CLB Logic and Dedicated Block Utilization
4. SLR IO Utilization

1. SLR Connectivity
-------------------

+----------------------------------+-------+-------+-----------+-------+
|                                  |  Used | Fixed | Available | Util% |
+----------------------------------+-------+-------+-----------+-------+
| SLR2 <-> SLR1                    |  5112 |       |     23040 | 22.19 |
|   SLR1 -> SLR2                   |  2601 |       |           | 11.29 |
|     Using TX_REG only            |     0 |     0 |           |       |
|     Using RX_REG only            |     0 |     0 |           |       |
|     Using Both TX_REG and RX_REG |     0 |     0 |           |       |
|   SLR2 -> SLR1                   |  2511 |       |           | 10.90 |
|     Using TX_REG only            |     0 |     0 |           |       |
|     Using RX_REG only            |     0 |     0 |           |       |
|     Using Both TX_REG and RX_REG |     0 |     0 |           |       |
| SLR1 <-> SLR0                    |  5307 |       |     23040 | 23.03 |
|   SLR0 -> SLR1                   |  2786 |       |           | 12.09 |
|     Using TX_REG only            |     0 |     0 |           |       |
|     Using RX_REG only            |     0 |     0 |           |       |
|     Using Both TX_REG and RX_REG |     0 |     0 |           |       |
|   SLR1 -> SLR0                   |  2521 |       |           | 10.94 |
|     Using TX_REG only            |     0 |     0 |           |       |
|     Using RX_REG only            |     0 |     0 |           |       |
|     Using Both TX_REG and RX_REG |     0 |     0 |           |       |
+----------------------------------+-------+-------+-----------+-------+
| Total SLLs Used                  | 10419 |       |           |       |
+----------------------------------+-------+-------+-----------+-------+


2. SLR Connectivity Matrix
--------------------------

+-----------+------+------+------+
| FROM \ TO | SLR2 | SLR1 | SLR0 |
+-----------+------+------+------+
| SLR2      |    0 | 2359 |  152 |
| SLR1      | 2538 |    0 | 2369 |
| SLR0      |   63 | 2723 |    0 |
+-----------+------+------+------+


3. SLR CLB Logic and Dedicated Block Utilization
------------------------------------------------

+----------------------------+-------+-------+-------+--------+--------+--------+
|          Site Type         |  SLR0 |  SLR1 |  SLR2 | SLR0 % | SLR1 % | SLR2 % |
+----------------------------+-------+-------+-------+--------+--------+--------+
| CLB                        |  9423 |  9657 |  6607 |  17.15 |  17.88 |  12.24 |
|   CLBL                     |  5018 |  5326 |  3454 |  17.14 |  18.19 |  11.80 |
|   CLBM                     |  4405 |  4331 |  3153 |  17.15 |  17.52 |  12.75 |
| CLB LUTs                   | 37403 | 57948 | 25501 |   8.51 |  13.41 |   5.90 |
|   LUT as Logic             | 34523 | 54280 | 23976 |   7.85 |  12.56 |   5.55 |
|     using O5 output only   |  1005 |   856 |   431 |   0.23 |   0.20 |   0.10 |
|     using O6 output only   | 25460 | 40249 | 17024 |   5.79 |   9.32 |   3.94 |
|     using O5 and O6        |  8058 | 13175 |  6521 |   1.83 |   3.05 |   1.51 |
|   LUT as Memory            |  2880 |  3668 |  1525 |   1.40 |   1.85 |   0.77 |
|     LUT as Distributed RAM |  1000 |  3532 |   820 |   0.49 |   1.79 |   0.41 |
|       using O5 output only |     0 |     0 |     0 |   0.00 |   0.00 |   0.00 |
|       using O6 output only |   304 |   386 |     4 |   0.15 |   0.20 |  <0.01 |
|       using O5 and O6      |   696 |  3146 |   816 |   0.34 |   1.59 |   0.41 |
|     LUT as Shift Register  |  1880 |   136 |   705 |   0.92 |   0.07 |   0.36 |
|       using O5 output only |     0 |     0 |     0 |   0.00 |   0.00 |   0.00 |
|       using O6 output only |  1168 |    80 |   671 |   0.57 |   0.04 |   0.34 |
|       using O5 and O6      |   712 |    56 |    34 |   0.35 |   0.03 |   0.02 |
| CLB Registers              | 60814 | 66139 | 35287 |   6.92 |   7.65 |   4.08 |
| CARRY8                     |   394 |   577 |   108 |   0.72 |   1.07 |   0.20 |
| F7 Muxes                   |  1321 |  1037 |   437 |   0.60 |   0.48 |   0.20 |
| F8 Muxes                   |   203 |   260 |     0 |   0.18 |   0.24 |   0.00 |
| F9 Muxes                   |     0 |     0 |     0 |   0.00 |   0.00 |   0.00 |
| Block RAM Tile             |  60.5 |    90 |    50 |   9.00 |  13.39 |   7.44 |
|   RAMB36/FIFO              |    57 |    90 |    50 |   8.48 |  13.39 |   7.44 |
|   RAMB18                   |     7 |     0 |     0 |   0.52 |   0.00 |   0.00 |
| URAM                       |     0 |     0 |     0 |   0.00 |   0.00 |   0.00 |
| DSPs                       |    12 |     0 |     4 |   0.42 |   0.00 |   0.13 |
| Unique Control Sets        |  2227 |  3152 |  1099 |   2.03 |   2.92 |   1.02 |
+----------------------------+-------+-------+-------+--------+--------+--------+
* Note: Available Control Sets based on CLB Registers / 8


4. SLR IO Utilization
---------------------

+-----------+-----------+---------+------------+----------+------------+----------+-----+
| SLR Index | Used IOBs | (%)IOBs | Used IPADs | (%)IPADs | Used OPADs | (%)OPADs | GTs |
+-----------+-----------+---------+------------+----------+------------+----------+-----+
| SLR2      |         0 |    0.00 |          0 |     0.00 |          0 |     0.00 |   0 |
| SLR1      |         0 |    0.00 |          0 |     0.00 |          0 |     0.00 |   0 |
| SLR0      |        12 |    5.77 |          0 |     0.00 |          0 |     0.00 |  16 |
+-----------+-----------+---------+------------+----------+------------+----------+-----+
| Total     |        12 |         |          0 |          |          0 |          |  16 |
+-----------+-----------+---------+------------+----------+------------+----------+-----+


