Autocomplete not enabled for XRT tools
XILINX_XRT        : /opt/xilinx/xrt
PATH              : /opt/xilinx/xrt/bin:/tools/Xilinx/Vitis/2023.2/bin:/tools/Xilinx/Vitis_HLS/2023.2/bin:/tools/Xilinx/Model_Composer/2023.2/bin:/tools/Xilinx/Vivado/2023.2/bin:/tools/Xilinx/DocNav:/home/coder/.local/bin:/tools/Xilinx/Vitis_HLS/2023.1/bin:/tools/Xilinx/Model_Composer/2023.1/bin:/tools/Xilinx/Vivado/2023.1/bin:/tools/Xilinx/DocNav:/opt/xilinx/xrt/bin:/tools/Xilinx/Vitis_HLS/2023.1/bin:/tools/Xilinx/Model_Composer/2023.1/bin:/tools/Xilinx/Vivado/2023.1/bin:/tools/Xilinx/DocNav:/opt/xilinx/xrt/bin:/tmp/coder-script-data/bin:/usr/local/sbin:/usr/local/bin:/usr/sbin:/usr/bin:/sbin:/bin:/tmp/coder.0WaosM
LD_LIBRARY_PATH   : /opt/xilinx/xrt/lib:/tools/Xilinx/Vivado/2023.1/lib/lnx64.o:
PYTHONPATH        : /opt/xilinx/xrt/python:/opt/xilinx/xrt/python:/opt/xilinx/xrt/python
===================================================================
 LINK  target=hw  platform=xilinx_u55c_gen3x16_xdma_3_202210_1
===================================================================
WARNING: [v++ 60-1603] The supplied option 'clock.freqHz' is deprecated. The supplied option is replaced by an alternative feature controlled by option 'freqhz'. 
Option Map File Used: '/tools/Xilinx/Vitis/2023.2/data/vitis/vpp/optMap.xml'

****** v++ v2023.2 (64-bit)
  **** SW Build 4026344 on 2023-10-11-15:42:10
    ** Copyright 1986-2022 Xilinx, Inc. All Rights Reserved.
    ** Copyright 2022-2023 Advanced Micro Devices, Inc. All Rights Reserved.

INFO: [v++ 60-1306] Additional information associated with this v++ link can be found at:
	Reports: /home/coder/ntt-butterfly-sky26c/alveo_demo/build/_x/reports/link
	Log files: /home/coder/ntt-butterfly-sky26c/alveo_demo/build/_x/logs/link
Running Dispatch Server on port: 38867
INFO: [v++ 60-1548] Creating build summary session with primary output /home/coder/ntt-butterfly-sky26c/alveo_demo/build/demo_top_krnl.hw.xclbin.link_summary, at Fri Aug 21 07:19:43 2026
INFO: [v++ 60-1315] Creating rulecheck session with output '/home/coder/ntt-butterfly-sky26c/alveo_demo/build/_x/reports/link/v++_link_demo_top_krnl.hw_guidance.html', at Fri Aug 21 07:19:43 2026
INFO: [v++ 60-895]   Target platform: /opt/xilinx/platforms/xilinx_u55c_gen3x16_xdma_3_202210_1/xilinx_u55c_gen3x16_xdma_3_202210_1.xpfm
INFO: [v++ 60-1578]   This platform contains Xilinx Shell Archive '/opt/xilinx/platforms/xilinx_u55c_gen3x16_xdma_3_202210_1/hw/hw.xsa'
INFO: [v++ 74-78] Compiler Version string: 2023.2
INFO: [v++ 60-629] Linking for hardware target
INFO: [v++ 60-423]   Target device: xilinx_u55c_gen3x16_xdma_3_202210_1
INFO: [v++ 60-1332] Run 'run_link' status: Not started
INFO: [v++ 60-1443] [07:19:47] Run run_link: Step system_link: Started
INFO: [v++ 60-1453] Command Line: system_link --xo /home/coder/ntt-butterfly-sky26c/alveo_demo/build/demo_top_krnl.xo --config /home/coder/ntt-butterfly-sky26c/alveo_demo/build/_x/link/int/syslinkConfig.ini --xpfm /opt/xilinx/platforms/xilinx_u55c_gen3x16_xdma_3_202210_1/xilinx_u55c_gen3x16_xdma_3_202210_1.xpfm --target hw --output_dir /home/coder/ntt-butterfly-sky26c/alveo_demo/build/_x/link/int --temp_dir /home/coder/ntt-butterfly-sky26c/alveo_demo/build/_x/link/sys_link
INFO: [v++ 60-1454] Run Directory: /home/coder/ntt-butterfly-sky26c/alveo_demo/build/_x/link/run_link
INFO: [SYSTEM_LINK 82-70] Extracting xo v3 file /home/coder/ntt-butterfly-sky26c/alveo_demo/build/demo_top_krnl.xo
INFO: [SYSTEM_LINK 82-53] Creating IP database /home/coder/ntt-butterfly-sky26c/alveo_demo/build/_x/link/sys_link/_sysl/.cdb/xd_ip_db.xml
INFO: [SYSTEM_LINK 82-38] [07:19:49] build_xd_ip_db started: /tools/Xilinx/Vitis/2023.2/bin/build_xd_ip_db -ip_search 0  -sds-pf /home/coder/ntt-butterfly-sky26c/alveo_demo/build/_x/link/sys_link/hw.hpfm -clkid 0 -ip /home/coder/ntt-butterfly-sky26c/alveo_demo/build/_x/link/sys_link/iprepo/xilinx_com_RTLKernel_demo_top_s_axi_1_0,demo_top_krnl -o /home/coder/ntt-butterfly-sky26c/alveo_demo/build/_x/link/sys_link/_sysl/.cdb/xd_ip_db.xml
INFO: [SYSTEM_LINK 82-37] [07:19:54] build_xd_ip_db finished successfully
Time (s): cpu = 00:00:04 ; elapsed = 00:00:05 . Memory (MB): peak = 457.227 ; gain = 0.000 ; free physical = 389709 ; free virtual = 841696
INFO: [SYSTEM_LINK 82-51] Create system connectivity graph
INFO: [SYSTEM_LINK 82-102] Applying explicit connections to the system connectivity graph: /home/coder/ntt-butterfly-sky26c/alveo_demo/build/_x/link/sys_link/cfgraph/cfgen_cfgraph.xml
INFO: [SYSTEM_LINK 82-38] [07:19:54] cfgen started: /tools/Xilinx/Vitis/2023.2/bin/cfgen  -nk demo_top_krnl:1:demo_top_krnl_1 -clock.freqHz 300000000:demo_top_krnl_1 -dpa_mem_offload false -dmclkid 0 -r /home/coder/ntt-butterfly-sky26c/alveo_demo/build/_x/link/sys_link/_sysl/.cdb/xd_ip_db.xml -o /home/coder/ntt-butterfly-sky26c/alveo_demo/build/_x/link/sys_link/cfgraph/cfgen_cfgraph.xml
INFO: [CFGEN 83-0] Kernel Specs: 
INFO: [CFGEN 83-0]   kernel: demo_top_krnl, num: 1  {demo_top_krnl_1}
INFO: [SYSTEM_LINK 82-37] [07:20:03] cfgen finished successfully
Time (s): cpu = 00:00:09 ; elapsed = 00:00:09 . Memory (MB): peak = 457.227 ; gain = 0.000 ; free physical = 389329 ; free virtual = 841031
INFO: [SYSTEM_LINK 82-52] Create top-level block diagram
INFO: [SYSTEM_LINK 82-38] [07:20:03] cf2bd started: /tools/Xilinx/Vitis/2023.2/bin/cf2bd  --linux --trace_buffer 1024 --input_file /home/coder/ntt-butterfly-sky26c/alveo_demo/build/_x/link/sys_link/cfgraph/cfgen_cfgraph.xml --ip_db /home/coder/ntt-butterfly-sky26c/alveo_demo/build/_x/link/sys_link/_sysl/.cdb/xd_ip_db.xml --cf_name dr --working_dir /home/coder/ntt-butterfly-sky26c/alveo_demo/build/_x/link/sys_link/_sysl/.xsd --temp_dir /home/coder/ntt-butterfly-sky26c/alveo_demo/build/_x/link/sys_link --output_dir /home/coder/ntt-butterfly-sky26c/alveo_demo/build/_x/link/int --target_bd ulp.bd
INFO: [CF2BD 82-31] Launching cf2xd: cf2xd -linux -trace-buffer 1024 -i /home/coder/ntt-butterfly-sky26c/alveo_demo/build/_x/link/sys_link/cfgraph/cfgen_cfgraph.xml -r /home/coder/ntt-butterfly-sky26c/alveo_demo/build/_x/link/sys_link/_sysl/.cdb/xd_ip_db.xml -o dr.xml
INFO: [CF2BD 82-28] cf2xd finished successfully
INFO: [CF2BD 82-31] Launching cf_xsd: cf_xsd -disable-address-gen -bd ulp.bd -dn dr -dp /home/coder/ntt-butterfly-sky26c/alveo_demo/build/_x/link/sys_link/_sysl/.xsd
INFO: [CF2BD 82-28] cf_xsd finished successfully
INFO: [SYSTEM_LINK 82-37] [07:20:06] cf2bd finished successfully
Time (s): cpu = 00:00:03 ; elapsed = 00:00:04 . Memory (MB): peak = 457.227 ; gain = 0.000 ; free physical = 389742 ; free virtual = 841452
INFO: [v++ 60-1441] [07:20:06] Run run_link: Step system_link: Completed
Time (s): cpu = 00:00:18 ; elapsed = 00:00:20 . Memory (MB): peak = 476.832 ; gain = 0.000 ; free physical = 389837 ; free virtual = 841542
INFO: [v++ 60-1443] [07:20:06] Run run_link: Step cf2sw: Started
INFO: [v++ 60-1453] Command Line: cf2sw -sdsl /home/coder/ntt-butterfly-sky26c/alveo_demo/build/_x/link/int/sdsl.dat -rtd /home/coder/ntt-butterfly-sky26c/alveo_demo/build/_x/link/int/cf2sw.rtd -nofilter /home/coder/ntt-butterfly-sky26c/alveo_demo/build/_x/link/int/cf2sw_full.rtd -xclbin /home/coder/ntt-butterfly-sky26c/alveo_demo/build/_x/link/int/xclbin_orig.xml -o /home/coder/ntt-butterfly-sky26c/alveo_demo/build/_x/link/int/xclbin_orig.1.xml
INFO: [v++ 60-1454] Run Directory: /home/coder/ntt-butterfly-sky26c/alveo_demo/build/_x/link/run_link
INFO: [v++ 60-1441] [07:20:12] Run run_link: Step cf2sw: Completed
Time (s): cpu = 00:00:05 ; elapsed = 00:00:05 . Memory (MB): peak = 476.832 ; gain = 0.000 ; free physical = 390544 ; free virtual = 842251
INFO: [v++ 60-1443] [07:20:12] Run run_link: Step rtd2_system_diagram: Started
INFO: [v++ 60-1453] Command Line: rtd2SystemDiagram
INFO: [v++ 60-1454] Run Directory: /home/coder/ntt-butterfly-sky26c/alveo_demo/build/_x/link/run_link
INFO: [v++ 60-1441] [07:20:12] Run run_link: Step rtd2_system_diagram: Completed
Time (s): cpu = 00:00:00 ; elapsed = 00:00:00.28 . Memory (MB): peak = 476.832 ; gain = 0.000 ; free physical = 390456 ; free virtual = 842163
INFO: [v++ 60-1443] [07:20:12] Run run_link: Step vpl: Started
INFO: [v++ 60-1453] Command Line: vpl -t hw -f xilinx_u55c_gen3x16_xdma_3_202210_1 --remote_ip_cache /home/coder/ntt-butterfly-sky26c/alveo_demo/build/.ipcache --output_dir /home/coder/ntt-butterfly-sky26c/alveo_demo/build/_x/link/int --log_dir /home/coder/ntt-butterfly-sky26c/alveo_demo/build/_x/logs/link --report_dir /home/coder/ntt-butterfly-sky26c/alveo_demo/build/_x/reports/link --config /home/coder/ntt-butterfly-sky26c/alveo_demo/build/_x/link/int/vplConfig.ini -k /home/coder/ntt-butterfly-sky26c/alveo_demo/build/_x/link/int/kernel_info.dat --webtalk_flag Vitis --temp_dir /home/coder/ntt-butterfly-sky26c/alveo_demo/build/_x/link --no-info --iprepo /home/coder/ntt-butterfly-sky26c/alveo_demo/build/_x/link/int/xo/ip_repo/xilinx_com_RTLKernel_demo_top_s_axi_1_0 --messageDb /home/coder/ntt-butterfly-sky26c/alveo_demo/build/_x/link/run_link/vpl.pb /home/coder/ntt-butterfly-sky26c/alveo_demo/build/_x/link/int/dr.bd.tcl
INFO: [v++ 60-1454] Run Directory: /home/coder/ntt-butterfly-sky26c/alveo_demo/build/_x/link/run_link

****** vpl v2023.2 (64-bit)
  **** SW Build 4026344 on 2023-10-11-15:42:10
    ** Copyright 1986-2022 Xilinx, Inc. All Rights Reserved.
    ** Copyright 2022-2023 Advanced Micro Devices, Inc. All Rights Reserved.

INFO: [VPL 60-839] Read in kernel information from file '/home/coder/ntt-butterfly-sky26c/alveo_demo/build/_x/link/int/kernel_info.dat'.
INFO: [VPL 74-78] Compiler Version string: 2023.2
INFO: [VPL 60-423]   Target device: xilinx_u55c_gen3x16_xdma_3_202210_1
INFO: [VPL 60-1032] Extracting hardware platform to /home/coder/ntt-butterfly-sky26c/alveo_demo/build/_x/link/vivado/vpl/.local/hw_platform
[07:20:25] Run vpl: Step create_project: Started
Creating Vivado project.
[07:20:34] Run vpl: Step create_project: Completed
[07:20:34] Run vpl: Step create_bd: Started
[07:21:23] Run vpl: Step create_bd: Completed
[07:21:23] Run vpl: Step update_bd: Started
[07:21:23] Run vpl: Step update_bd: Completed
[07:21:23] Run vpl: Step generate_target: Started
[07:22:38] Run vpl: Step generate_target: Completed
[07:22:38] Run vpl: Step config_hw_runs: Started
[07:23:53] Run vpl: Step config_hw_runs: RUNNING...
[07:23:58] Run vpl: Step config_hw_runs: Completed
[07:23:58] Run vpl: Step synth: Started
[07:24:59] Block-level synthesis in progress, 0 of 134 jobs complete, 8 jobs running.
[07:25:29] Block-level synthesis in progress, 0 of 134 jobs complete, 8 jobs running.
[07:26:00] Block-level synthesis in progress, 0 of 134 jobs complete, 8 jobs running.
[07:26:30] Block-level synthesis in progress, 0 of 134 jobs complete, 8 jobs running.
[07:27:01] Block-level synthesis in progress, 8 of 134 jobs complete, 3 jobs running.
[07:27:31] Block-level synthesis in progress, 11 of 134 jobs complete, 5 jobs running.
[07:28:01] Block-level synthesis in progress, 11 of 134 jobs complete, 8 jobs running.
[07:28:32] Block-level synthesis in progress, 11 of 134 jobs complete, 8 jobs running.
[07:29:02] Block-level synthesis in progress, 15 of 134 jobs complete, 4 jobs running.
[07:29:32] Block-level synthesis in progress, 16 of 134 jobs complete, 7 jobs running.
[07:30:03] Block-level synthesis in progress, 19 of 134 jobs complete, 7 jobs running.
[07:30:33] Block-level synthesis in progress, 19 of 134 jobs complete, 8 jobs running.
[07:31:03] Block-level synthesis in progress, 20 of 134 jobs complete, 7 jobs running.
[07:31:34] Block-level synthesis in progress, 22 of 134 jobs complete, 6 jobs running.
[07:32:04] Block-level synthesis in progress, 26 of 134 jobs complete, 5 jobs running.
[07:32:34] Block-level synthesis in progress, 29 of 134 jobs complete, 6 jobs running.
[07:33:05] Block-level synthesis in progress, 33 of 134 jobs complete, 5 jobs running.
[07:33:35] Block-level synthesis in progress, 37 of 134 jobs complete, 6 jobs running.
[07:34:06] Block-level synthesis in progress, 37 of 134 jobs complete, 8 jobs running.
[07:34:36] Block-level synthesis in progress, 39 of 134 jobs complete, 7 jobs running.
[07:35:06] Block-level synthesis in progress, 39 of 134 jobs complete, 8 jobs running.
[07:35:37] Block-level synthesis in progress, 45 of 134 jobs complete, 4 jobs running.
[07:36:07] Block-level synthesis in progress, 48 of 134 jobs complete, 5 jobs running.
[07:36:38] Block-level synthesis in progress, 53 of 134 jobs complete, 6 jobs running.
[07:37:08] Block-level synthesis in progress, 60 of 134 jobs complete, 5 jobs running.
[07:37:38] Block-level synthesis in progress, 68 of 134 jobs complete, 4 jobs running.
[07:38:09] Block-level synthesis in progress, 74 of 134 jobs complete, 3 jobs running.
[07:38:39] Block-level synthesis in progress, 79 of 134 jobs complete, 3 jobs running.
[07:39:10] Block-level synthesis in progress, 82 of 134 jobs complete, 5 jobs running.
[07:39:40] Block-level synthesis in progress, 84 of 134 jobs complete, 7 jobs running.
[07:40:11] Block-level synthesis in progress, 85 of 134 jobs complete, 7 jobs running.
[07:40:41] Block-level synthesis in progress, 86 of 134 jobs complete, 7 jobs running.
[07:41:12] Block-level synthesis in progress, 86 of 134 jobs complete, 8 jobs running.
[07:41:43] Block-level synthesis in progress, 91 of 134 jobs complete, 4 jobs running.
[07:42:13] Block-level synthesis in progress, 93 of 134 jobs complete, 6 jobs running.
[07:42:44] Block-level synthesis in progress, 95 of 134 jobs complete, 7 jobs running.
[07:43:15] Block-level synthesis in progress, 97 of 134 jobs complete, 7 jobs running.
[07:43:45] Block-level synthesis in progress, 99 of 134 jobs complete, 7 jobs running.
[07:44:16] Block-level synthesis in progress, 101 of 134 jobs complete, 6 jobs running.
[07:44:46] Block-level synthesis in progress, 103 of 134 jobs complete, 6 jobs running.
[07:45:17] Block-level synthesis in progress, 105 of 134 jobs complete, 6 jobs running.
[07:45:48] Block-level synthesis in progress, 106 of 134 jobs complete, 7 jobs running.
[07:46:18] Block-level synthesis in progress, 107 of 134 jobs complete, 7 jobs running.
[07:46:49] Block-level synthesis in progress, 109 of 134 jobs complete, 7 jobs running.
[07:47:20] Block-level synthesis in progress, 111 of 134 jobs complete, 6 jobs running.
[07:47:50] Block-level synthesis in progress, 114 of 134 jobs complete, 6 jobs running.
[07:48:21] Block-level synthesis in progress, 114 of 134 jobs complete, 8 jobs running.
[07:48:52] Block-level synthesis in progress, 115 of 134 jobs complete, 7 jobs running.
[07:49:23] Block-level synthesis in progress, 118 of 134 jobs complete, 6 jobs running.
[07:49:53] Block-level synthesis in progress, 120 of 134 jobs complete, 6 jobs running.
[07:50:24] Block-level synthesis in progress, 122 of 134 jobs complete, 7 jobs running.
[07:50:55] Block-level synthesis in progress, 123 of 134 jobs complete, 7 jobs running.
[07:51:26] Block-level synthesis in progress, 124 of 134 jobs complete, 7 jobs running.
[07:51:56] Block-level synthesis in progress, 129 of 134 jobs complete, 4 jobs running.
[07:52:27] Block-level synthesis in progress, 132 of 134 jobs complete, 2 jobs running.
[07:52:57] Block-level synthesis in progress, 133 of 134 jobs complete, 1 job running.
[07:53:27] Block-level synthesis in progress, 134 of 134 jobs complete, 0 jobs running.
[07:53:57] Top-level synthesis in progress.
[07:54:28] Top-level synthesis in progress.
[07:55:09] Run vpl: Step synth: Completed
[07:55:09] Run vpl: Step impl: Started
[08:03:14] Finished 2nd of 6 tasks (FPGA linking synthesized kernels to platform). Elapsed time: 00h 43m 01s 

[08:03:14] Starting logic optimization..
[08:03:45] Phase 1 Initialization
[08:03:45] Phase 1.1 Core Generation And Design Setup
[08:04:15] Phase 1.2 Setup Constraints And Sort Netlist
[08:04:15] Phase 2 Timer Update And Timing Data Collection
[08:04:15] Phase 2.1 Timer Update
[08:04:45] Phase 2.2 Timing Data Collection
[08:04:45] Phase 3 Retarget
[08:05:16] Phase 4 Constant propagation
[08:05:16] Phase 5 Sweep
[08:06:16] Phase 6 BUFG optimization
[08:06:16] Phase 7 Shift Register Optimization
[08:06:47] Phase 8 Post Processing Netlist
[08:06:47] Phase 9 Finalization
[08:06:47] Phase 9.1 Finalizing Design Cores and Updating Shapes
[08:07:17] Phase 9.2 Verifying Netlist Connectivity
[08:08:18] Finished 3rd of 6 tasks (FPGA logic optimization). Elapsed time: 00h 05m 03s 

[08:08:18] Starting logic placement..
[08:08:48] Phase 1 Placer Initialization
[08:08:48] Phase 1.1 Placer Initialization Netlist Sorting
[08:11:50] Phase 1.2 IO Placement/ Clock Placement/ Build Placer Device
[08:12:20] Phase 1.3 Build Placer Netlist Model
[08:14:22] Phase 1.4 Constrain Clocks/Macros
[08:14:52] Phase 2 Global Placement
[08:14:52] Phase 2.1 Floorplanning
[08:15:23] Phase 2.1.1 Partition Driven Placement
[08:15:23] Phase 2.1.1.1 PBP: Partition Driven Placement
[08:15:23] Phase 2.1.1.2 PBP: Clock Region Placement
[08:16:23] Phase 2.1.1.3 PBP: Compute Congestion
[08:16:23] Phase 2.1.1.4 PBP: UpdateTiming
[08:16:54] Phase 2.1.1.5 PBP: Add part constraints
[08:17:24] Phase 2.2 Physical Synthesis After Floorplan
[08:17:55] Phase 2.3 Update Timing before SLR Path Opt
[08:17:55] Phase 2.4 Post-Processing in Floorplanning
[08:18:25] Phase 2.5 Global Placement Core
[08:29:04] Phase 2.5.1 UpdateTiming Before Physical Synthesis
[08:29:35] Phase 2.5.2 Physical Synthesis In Placer
[08:31:37] Phase 3 Detail Placement
[08:31:37] Phase 3.1 Commit Multi Column Macros
[08:32:08] Phase 3.2 Commit Most Macros & LUTRAMs
[08:33:09] Phase 3.3 Small Shape DP
[08:33:09] Phase 3.3.1 Small Shape Clustering
[08:33:39] Phase 3.3.2 Slice Area Swap
[08:33:39] Phase 3.3.2.1 Slice Area Swap Initial
[08:34:40] Phase 3.4 Place Remaining
[08:35:11] Phase 3.5 Re-assign LUT pins
[08:35:11] Phase 3.6 Pipeline Register Optimization
[08:35:11] Phase 3.7 Fast Optimization
[08:36:12] Phase 4 Post Placement Optimization and Clean-Up
[08:36:12] Phase 4.1 Post Commit Optimization
[08:37:13] Phase 4.1.1 Post Placement Optimization
[08:37:43] Phase 4.1.1.1 BUFG Insertion
[08:37:43] Phase 1 Physical Synthesis Initialization
[08:38:13] Phase 4.1.1.2 BUFG Replication
[08:38:13] Phase 4.1.1.3 Post Placement Timing Optimization
[08:40:15] Phase 4.1.1.4 Replication
[08:41:46] Phase 4.2 Post Placement Cleanup
[08:41:46] Phase 4.3 Placer Reporting
[08:41:46] Phase 4.3.1 Print Estimated Congestion
[08:42:16] Phase 4.4 Final Placement Cleanup
[08:44:18] Finished 4th of 6 tasks (FPGA logic placement). Elapsed time: 00h 36m 00s 

[08:44:18] Starting logic routing..
[08:44:49] Phase 1 Build RT Design
[08:46:20] Phase 2 Router Initialization
[08:46:20] Phase 2.1 Fix Topology Constraints
[08:46:20] Phase 2.2 Pre Route Cleanup
[08:46:20] Phase 2.3 Global Clock Net Routing
[08:46:51] Phase 2.4 Update Timing
[08:47:52] Phase 2.5 Update Timing for Bus Skew
[08:47:52] Phase 2.5.1 Update Timing
[08:48:23] Phase 3 Initial Routing
[08:48:23] Phase 3.1 Global Routing
[08:48:54] Phase 3.2 Initial Net Routing
[08:48:54] Phase 4 Rip-up And Reroute
[08:48:54] Phase 4.1 Global Iteration 0
[08:54:00] Phase 4.2 Global Iteration 1
[08:57:02] Phase 4.3 Global Iteration 2
[08:59:03] Phase 4.4 Global Iteration 3
[09:00:04] Phase 5 Delay and Skew Optimization
[09:00:04] Phase 5.1 Delay CleanUp
[09:00:04] Phase 5.1.1 Update Timing
[09:00:35] Phase 5.1.2 Update Timing
[09:01:05] Phase 5.1.3 Update Timing
[09:01:36] Phase 5.2 Clock Skew Optimization
[09:01:36] Phase 6 Post Hold Fix
[09:01:36] Phase 6.1 Hold Fix Iter
[09:01:36] Phase 6.1.1 Update Timing
[09:02:07] Phase 6.2 Non Free Resource Hold Fix Iter
[09:02:07] Phase 7 Leaf Clock Prog Delay Opt
[09:02:37] Phase 7.1 Optimize Skews
[09:02:37] Phase 7.1.1 Leaf ClockOpt Init
[09:03:08] Phase 7.2 Post SkewOpt Delay Cleanup
[09:03:08] Phase 7.2.1 Delay CleanUp
[09:03:08] Phase 7.2.1.1 Update Timing
[09:03:38] Phase 7.2.1.2 Update Timing
[09:04:09] Phase 7.2.1.3 Update Timing
[09:04:39] Phase 7.3 Post SkewOpt Hold Fix
[09:04:39] Phase 7.3.1 Hold Fix Iter
[09:04:39] Phase 7.3.1.1 Update Timing
[09:05:40] Phase 8 Route finalize
[09:05:40] Phase 9 Verifying routed nets
[09:05:40] Phase 10 Depositing Routes
[09:06:10] Phase 11 Resolve XTalk
[09:06:10] Phase 12 Post Router Timing
[09:07:11] Phase 13 Physical Synthesis in Router
[09:07:11] Phase 13.1 Physical Synthesis Initialization
[09:08:13] Phase 13.2 Critical Path Optimization
[09:08:13] Finished 5th of 6 tasks (FPGA routing). Elapsed time: 00h 23m 54s 

[09:08:13] Starting bitstream generation..
[09:08:13] Phase 14 Post-Route Event Processing
[09:16:20] Creating bitmap...
[09:20:55] Writing bitstream ./level0_i_ulp_my_rm_partial.bit...
[09:20:55] Finished 6th of 6 tasks (FPGA bitstream generation). Elapsed time: 00h 12m 42s 
Check VPL, containing 12 checks, has run: 0 errors
[09:21:18] Run vpl: Step impl: Completed
[09:21:19] Run vpl: FINISHED. Run Status: impl Complete!
INFO: [v++ 60-1441] [09:21:20] Run run_link: Step vpl: Completed
Time (s): cpu = 00:01:08 ; elapsed = 02:01:08 . Memory (MB): peak = 476.832 ; gain = 0.000 ; free physical = 359878 ; free virtual = 807541
INFO: [v++ 60-1443] [09:21:21] Run run_link: Step rtdgen: Started
INFO: [v++ 60-1453] Command Line: rtdgen
INFO: [v++ 60-1454] Run Directory: /home/coder/ntt-butterfly-sky26c/alveo_demo/build/_x/link/run_link
INFO: [v++ 60-991] clock name 'ulp_ucs/aclk_kernel_01' (clock ID '1') is being mapped to clock name 'KERNEL_CLK' in the xclbin
INFO: [v++ 60-991] clock name 'ulp_ucs/aclk_kernel_00' (clock ID '0') is being mapped to clock name 'DATA_CLK' in the xclbin
INFO: [v++ 60-991] clock name 'hbm_aclk' (clock ID '') is being mapped to clock name 'hbm_aclk' in the xclbin
INFO: [v++ 60-1230] The compiler selected the following frequencies for the runtime controllable kernel clock(s) and scalable system clock(s): System (SYSTEM) clock: hbm_aclk = 450, Kernel (KERNEL) clock: ulp_ucs/aclk_kernel_01 = 500, Kernel (DATA) clock: ulp_ucs/aclk_kernel_00 = 300
INFO: [v++ 60-1453] Command Line: cf2sw -a /home/coder/ntt-butterfly-sky26c/alveo_demo/build/_x/link/int/address_map.xml -sdsl /home/coder/ntt-butterfly-sky26c/alveo_demo/build/_x/link/int/sdsl.dat -xclbin /home/coder/ntt-butterfly-sky26c/alveo_demo/build/_x/link/int/xclbin_orig.xml -rtd /home/coder/ntt-butterfly-sky26c/alveo_demo/build/_x/link/int/demo_top_krnl.hw.rtd -o /home/coder/ntt-butterfly-sky26c/alveo_demo/build/_x/link/int/demo_top_krnl.hw.xml
INFO: [v++ 60-1652] Cf2sw returned exit code: 0
INFO: [v++ 60-1441] [09:21:25] Run run_link: Step rtdgen: Completed
Time (s): cpu = 00:00:04 ; elapsed = 00:00:05 . Memory (MB): peak = 476.832 ; gain = 0.000 ; free physical = 359792 ; free virtual = 807467
INFO: [v++ 60-1443] [09:21:25] Run run_link: Step xclbinutil: Started
INFO: [v++ 60-1453] Command Line: xclbinutil --add-section BITSTREAM:RAW:/home/coder/ntt-butterfly-sky26c/alveo_demo/build/_x/link/int/partial.bit --force --target hw --key-value SYS:dfx_enable:true --add-section :JSON:/home/coder/ntt-butterfly-sky26c/alveo_demo/build/_x/link/int/demo_top_krnl.hw.rtd --append-section :JSON:/home/coder/ntt-butterfly-sky26c/alveo_demo/build/_x/link/int/appendSection.rtd --add-section CLOCK_FREQ_TOPOLOGY:JSON:/home/coder/ntt-butterfly-sky26c/alveo_demo/build/_x/link/int/demo_top_krnl.hw_xml.rtd --add-section BUILD_METADATA:JSON:/home/coder/ntt-butterfly-sky26c/alveo_demo/build/_x/link/int/demo_top_krnl.hw_build.rtd --add-section EMBEDDED_METADATA:RAW:/home/coder/ntt-butterfly-sky26c/alveo_demo/build/_x/link/int/demo_top_krnl.hw.xml --add-section SYSTEM_METADATA:RAW:/home/coder/ntt-butterfly-sky26c/alveo_demo/build/_x/link/int/systemDiagramModelSlrBaseAddress.json --key-value SYS:PlatformVBNV:xilinx_u55c_gen3x16_xdma_3_202210_1 --output /home/coder/ntt-butterfly-sky26c/alveo_demo/build/demo_top_krnl.hw.xclbin
INFO: [v++ 60-1454] Run Directory: /home/coder/ntt-butterfly-sky26c/alveo_demo/build/_x/link/run_link
XRT Build Version: 2.19.194 (2025.1)
       Build Date: 2025-05-18 05:07:43
          Hash ID: 7d8151e6ee73c6ec2e99501a58c9c2eca6cc68ce
Creating a default 'in-memory' xclbin image.

Section: 'BITSTREAM'(0) was successfully added.
Size   : 42469930 bytes
Format : RAW
File   : '/home/coder/ntt-butterfly-sky26c/alveo_demo/build/_x/link/int/partial.bit'

Section: 'MEM_TOPOLOGY'(6) was successfully added.
Format : JSON
File   : 'mem_topology'

Section: 'IP_LAYOUT'(8) was successfully added.
Format : JSON
File   : 'ip_layout'
WARNING: Skipping CONNECTIVITY section for count size is zero.
WARNING: Section 'CONNECTIVITY' content is empty.  No data in the given JSON file.

Section: 'CONNECTIVITY'(7) was empty.  No action taken.
Format : JSON
File   : 'connectivity'

Section: 'CLOCK_FREQ_TOPOLOGY'(11) was successfully added.
Size   : 410 bytes
Format : JSON
File   : '/home/coder/ntt-butterfly-sky26c/alveo_demo/build/_x/link/int/demo_top_krnl.hw_xml.rtd'

Section: 'BUILD_METADATA'(14) was successfully added.
Size   : 1588 bytes
Format : JSON
File   : '/home/coder/ntt-butterfly-sky26c/alveo_demo/build/_x/link/int/demo_top_krnl.hw_build.rtd'

Section: 'EMBEDDED_METADATA'(2) was successfully added.
Size   : 2264 bytes
Format : RAW
File   : '/home/coder/ntt-butterfly-sky26c/alveo_demo/build/_x/link/int/demo_top_krnl.hw.xml'

Section: 'SYSTEM_METADATA'(22) was successfully added.
Size   : 15197 bytes
Format : RAW
File   : '/home/coder/ntt-butterfly-sky26c/alveo_demo/build/_x/link/int/systemDiagramModelSlrBaseAddress.json'

Section: 'PARTITION_METADATA'(20) was successfully appended to.
Format : JSON
File   : 'partition_metadata'

Section: 'IP_LAYOUT'(8) was successfully appended to.
Format : JSON
File   : 'ip_layout'
Successfully wrote (42514669 bytes) to the output file: /home/coder/ntt-butterfly-sky26c/alveo_demo/build/demo_top_krnl.hw.xclbin
Leaving xclbinutil.
INFO: [v++ 60-1441] [09:21:26] Run run_link: Step xclbinutil: Completed
Time (s): cpu = 00:00:00.03 ; elapsed = 00:00:00.34 . Memory (MB): peak = 476.832 ; gain = 0.000 ; free physical = 359749 ; free virtual = 807466
INFO: [v++ 60-1443] [09:21:26] Run run_link: Step xclbinutilinfo: Started
INFO: [v++ 60-1453] Command Line: xclbinutil --quiet --force --info /home/coder/ntt-butterfly-sky26c/alveo_demo/build/demo_top_krnl.hw.xclbin.info --input /home/coder/ntt-butterfly-sky26c/alveo_demo/build/demo_top_krnl.hw.xclbin
INFO: [v++ 60-1454] Run Directory: /home/coder/ntt-butterfly-sky26c/alveo_demo/build/_x/link/run_link
INFO: [v++ 60-1441] [09:21:26] Run run_link: Step xclbinutilinfo: Completed
Time (s): cpu = 00:00:00.33 ; elapsed = 00:00:00.37 . Memory (MB): peak = 476.832 ; gain = 0.000 ; free physical = 359756 ; free virtual = 807473
INFO: [v++ 60-1443] [09:21:26] Run run_link: Step generate_sc_driver: Started
INFO: [v++ 60-1453] Command Line: 
INFO: [v++ 60-1454] Run Directory: /home/coder/ntt-butterfly-sky26c/alveo_demo/build/_x/link/run_link
INFO: [v++ 60-1441] [09:21:26] Run run_link: Step generate_sc_driver: Completed
Time (s): cpu = 00:00:00 ; elapsed = 00:00:00 . Memory (MB): peak = 476.832 ; gain = 0.000 ; free physical = 359756 ; free virtual = 807473
Check POST-VPL, containing 1 checks, has run: 0 errors
INFO: [v++ 60-244] Generating system estimate report...
INFO: [v++ 60-1092] Generated system estimate report: /home/coder/ntt-butterfly-sky26c/alveo_demo/build/_x/reports/link/system_estimate_demo_top_krnl.hw.xtxt
INFO: [v++ 60-586] Created /home/coder/ntt-butterfly-sky26c/alveo_demo/build/demo_top_krnl.hw.ltx
INFO: [v++ 60-586] Created demo_top_krnl.hw.xclbin
INFO: [v++ 60-1307] Run completed. Additional information can be found in:
	Guidance: /home/coder/ntt-butterfly-sky26c/alveo_demo/build/_x/reports/link/v++_link_demo_top_krnl.hw_guidance.html
	Timing Report: /home/coder/ntt-butterfly-sky26c/alveo_demo/build/_x/reports/link/imp/impl_1_hw_bb_locked_timing_summary_routed.rpt
	Vivado Log: /home/coder/ntt-butterfly-sky26c/alveo_demo/build/_x/logs/link/vivado.log
	Steps Log File: /home/coder/ntt-butterfly-sky26c/alveo_demo/build/_x/logs/link/link.steps.log

INFO: [v++ 60-2343] Use the vitis_analyzer tool to visualize and navigate the relevant reports. Run the following command. 
    vitis_analyzer /home/coder/ntt-butterfly-sky26c/alveo_demo/build/demo_top_krnl.hw.xclbin.link_summary 
INFO: [v++ 60-791] Total elapsed time: 2h 1m 46s
INFO: [v++ 60-1653] Closing dispatch client.
===================================================================
 DONE: build/demo_top_krnl.hw.xclbin
===================================================================
