Copyright 1986-2022 Xilinx, Inc. All Rights Reserved. Copyright 2022-2023 Advanced Micro Devices, Inc. All Rights Reserved.
---------------------------------------------------------------------------------------------------------------------------------------------
| Tool Version : Vivado v.2023.2 (lin64) Build 4029153 Fri Oct 13 20:13:54 MDT 2023
| Date         : Wed Aug 26 04:19:10 2026
| Host         : coder-mboudames-tt26 running 64-bit Ubuntu 24.04.4 LTS
| Command      : report_timing_summary -file ./vivado_project/reports/post_route_timing_summary.rpt
| Design       : arty_top
| Device       : 7a100t-csg324
| Speed File   : -1  PRODUCTION 1.23 2018-06-13
| Design State : Routed
---------------------------------------------------------------------------------------------------------------------------------------------

Timing Summary Report

------------------------------------------------------------------------------------------------
| Timer Settings
| --------------
------------------------------------------------------------------------------------------------

  Enable Multi Corner Analysis               :  Yes
  Enable Pessimism Removal                   :  Yes
  Pessimism Removal Resolution               :  Nearest Common Node
  Enable Input Delay Default Clock           :  No
  Enable Preset / Clear Arcs                 :  No
  Disable Flight Delays                      :  No
  Ignore I/O Paths                           :  No
  Timing Early Launch at Borrowing Latches   :  No
  Borrow Time for Max Delay Exceptions       :  Yes
  Merge Timing Exceptions                    :  Yes
  Inter-SLR Compensation                     :  Conservative

  Corner  Analyze    Analyze    
  Name    Max Paths  Min Paths  
  ------  ---------  ---------  
  Slow    Yes        Yes        
  Fast    Yes        Yes        


------------------------------------------------------------------------------------------------
| Report Methodology
| ------------------
------------------------------------------------------------------------------------------------

No report available as report_methodology has not been run prior. Run report_methodology on the current design for the summary of methodology violations.



check_timing report

Table of Contents
-----------------
1. checking no_clock (0)
2. checking constant_clock (0)
3. checking pulse_width_clock (0)
4. checking unconstrained_internal_endpoints (0)
5. checking no_input_delay (2)
6. checking no_output_delay (4)
7. checking multiple_clock (0)
8. checking generated_clocks (0)
9. checking loops (0)
10. checking partial_input_delay (0)
11. checking partial_output_delay (0)
12. checking latch_loops (0)

1. checking no_clock (0)
------------------------
 There are 0 register/latch pins with no clock.


2. checking constant_clock (0)
------------------------------
 There are 0 register/latch pins with constant_clock.


3. checking pulse_width_clock (0)
---------------------------------
 There are 0 register/latch pins which need pulse_width check


4. checking unconstrained_internal_endpoints (0)
------------------------------------------------
 There are 0 pins that are not constrained for maximum delay.

 There are 0 pins that are not constrained for maximum delay due to constant clock.


5. checking no_input_delay (2)
------------------------------
 There are 2 input ports with no input delay specified. (HIGH)

 There are 0 input ports with no input delay but user has a false path constraint.


6. checking no_output_delay (4)
-------------------------------
 There are 4 ports with no output delay specified. (HIGH)

 There are 0 ports with no output delay but user has a false path constraint

 There are 0 ports with no output delay but with a timing clock defined on it or propagating through it


7. checking multiple_clock (0)
------------------------------
 There are 0 register/latch pins with multiple clocks.


8. checking generated_clocks (0)
--------------------------------
 There are 0 generated clocks that are not connected to a clock source.


9. checking loops (0)
---------------------
 There are 0 combinational loops in the design.


10. checking partial_input_delay (0)
------------------------------------
 There are 0 input ports with partial input delay specified.


11. checking partial_output_delay (0)
-------------------------------------
 There are 0 ports with partial output delay specified.


12. checking latch_loops (0)
----------------------------
 There are 0 combinational latch loops in the design through latch input



------------------------------------------------------------------------------------------------
| Design Timing Summary
| ---------------------
------------------------------------------------------------------------------------------------

    WNS(ns)      TNS(ns)  TNS Failing Endpoints  TNS Total Endpoints      WHS(ns)      THS(ns)  THS Failing Endpoints  THS Total Endpoints     WPWS(ns)     TPWS(ns)  TPWS Failing Endpoints  TPWS Total Endpoints  
    -------      -------  ---------------------  -------------------      -------      -------  ---------------------  -------------------     --------     --------  ----------------------  --------------------  
      1.219        0.000                      0                 1418        0.162        0.000                      0                 1418        3.750        0.000                       0                   343  


All user specified timing constraints are met.


------------------------------------------------------------------------------------------------
| Clock Summary
| -------------
------------------------------------------------------------------------------------------------

Clock        Waveform(ns)       Period(ns)      Frequency(MHz)
-----        ------------       ----------      --------------
sys_clk_pin  {0.000 5.000}      10.000          100.000         


------------------------------------------------------------------------------------------------
| Intra Clock Table
| -----------------
------------------------------------------------------------------------------------------------

Clock             WNS(ns)      TNS(ns)  TNS Failing Endpoints  TNS Total Endpoints      WHS(ns)      THS(ns)  THS Failing Endpoints  THS Total Endpoints     WPWS(ns)     TPWS(ns)  TPWS Failing Endpoints  TPWS Total Endpoints  
-----             -------      -------  ---------------------  -------------------      -------      -------  ---------------------  -------------------     --------     --------  ----------------------  --------------------  
sys_clk_pin         1.219        0.000                      0                 1418        0.162        0.000                      0                 1418        3.750        0.000                       0                   343  


------------------------------------------------------------------------------------------------
| Inter Clock Table
| -----------------
------------------------------------------------------------------------------------------------

From Clock    To Clock          WNS(ns)      TNS(ns)  TNS Failing Endpoints  TNS Total Endpoints      WHS(ns)      THS(ns)  THS Failing Endpoints  THS Total Endpoints  
----------    --------          -------      -------  ---------------------  -------------------      -------      -------  ---------------------  -------------------  


------------------------------------------------------------------------------------------------
| Other Path Groups Table
| -----------------------
------------------------------------------------------------------------------------------------

Path Group    From Clock    To Clock          WNS(ns)      TNS(ns)  TNS Failing Endpoints  TNS Total Endpoints      WHS(ns)      THS(ns)  THS Failing Endpoints  THS Total Endpoints  
----------    ----------    --------          -------      -------  ---------------------  -------------------      -------      -------  ---------------------  -------------------  


------------------------------------------------------------------------------------------------
| Timing Details
| --------------
------------------------------------------------------------------------------------------------


---------------------------------------------------------------------------------------------------
From Clock:  sys_clk_pin
  To Clock:  sys_clk_pin

Setup :            0  Failing Endpoints,  Worst Slack        1.219ns,  Total Violation        0.000ns
Hold  :            0  Failing Endpoints,  Worst Slack        0.162ns,  Total Violation        0.000ns
PW    :            0  Failing Endpoints,  Worst Slack        3.750ns,  Total Violation        0.000ns
---------------------------------------------------------------------------------------------------


Max Delay Paths
--------------------------------------------------------------------------------------
Slack (MET) :             1.219ns  (required time - arrival time)
  Source:                 u_demo/u_mem/mem_reg/CLKBWRCLK
                            (rising edge-triggered cell RAMB18E1 clocked by sys_clk_pin  {rise@0.000ns fall@5.000ns period=10.000ns})
  Destination:            u_demo/u_inv_bf/u_mult/T_r_reg/B[11]
                            (rising edge-triggered cell DSP48E1 clocked by sys_clk_pin  {rise@0.000ns fall@5.000ns period=10.000ns})
  Path Group:             sys_clk_pin
  Path Type:              Setup (Max at Slow Process Corner)
  Requirement:            10.000ns  (sys_clk_pin rise@10.000ns - sys_clk_pin rise@0.000ns)
  Data Path Delay:        8.103ns  (logic 4.577ns (56.486%)  route 3.526ns (43.514%))
  Logic Levels:           6  (CARRY4=4 LUT3=1 LUT4=1)
  Clock Path Skew:        0.010ns (DCD - SCD + CPR)
    Destination Clock Delay (DCD):    5.205ns = ( 15.205 - 10.000 ) 
    Source Clock Delay      (SCD):    5.462ns
    Clock Pessimism Removal (CPR):    0.267ns
  Clock Uncertainty:      0.035ns  ((TSJ^2 + TIJ^2)^1/2 + DJ) / 2 + PE
    Total System Jitter     (TSJ):    0.071ns
    Total Input Jitter      (TIJ):    0.000ns
    Discrete Jitter          (DJ):    0.000ns
    Phase Error              (PE):    0.000ns

    Location             Delay type                Incr(ns)  Path(ns)    Netlist Resource(s)
  -------------------------------------------------------------------    -------------------
                         (clock sys_clk_pin rise edge)
                                                      0.000     0.000 r  
    E3                                                0.000     0.000 r  CLK100MHZ (IN)
                         net (fo=0)                   0.000     0.000    CLK100MHZ
    E3                   IBUF (Prop_ibuf_I_O)         1.482     1.482 r  CLK100MHZ_IBUF_inst/O
                         net (fo=1, routed)           2.025     3.506    CLK100MHZ_IBUF
    BUFGCTRL_X0Y16       BUFG (Prop_bufg_I_O)         0.096     3.602 r  CLK100MHZ_IBUF_BUFG_inst/O
                         net (fo=342, routed)         1.860     5.462    u_demo/u_mem/CLK100MHZ_IBUF_BUFG
    RAMB18_X0Y4          RAMB18E1                                     r  u_demo/u_mem/mem_reg/CLKBWRCLK
  -------------------------------------------------------------------    -------------------
    RAMB18_X0Y4          RAMB18E1 (Prop_ramb18e1_CLKBWRCLK_DOBDO[3])
                                                      2.454     7.916 r  u_demo/u_mem/mem_reg/DOBDO[3]
                         net (fo=12, routed)          1.184     9.101    u_demo/u_mem/DOBDO[3]
    SLICE_X11Y11         LUT4 (Prop_lut4_I0_O)        0.124     9.225 r  u_demo/u_mem/diff_carry__0_i_8__0/O
                         net (fo=1, routed)           0.000     9.225    u_demo/u_inv_bf/u_sub/T_r_reg_0[0]
    SLICE_X11Y11         CARRY4 (Prop_carry4_S[0]_CO[3])
                                                      0.532     9.757 r  u_demo/u_inv_bf/u_sub/diff_carry__0/CO[3]
                         net (fo=1, routed)           0.000     9.757    u_demo/u_inv_bf/u_sub/diff_carry__0_n_0
    SLICE_X11Y12         CARRY4 (Prop_carry4_CI_O[0])
                                                      0.222     9.979 r  u_demo/u_inv_bf/u_sub/diff_carry__1/O[0]
                         net (fo=3, routed)           0.839    10.818    u_demo/u_inv_bf/u_sub/diff_carry__1_n_7
    SLICE_X12Y5          CARRY4 (Prop_carry4_S[3]_CO[3])
                                                      0.675    11.493 r  u_demo/u_inv_bf/u_sub/sub_carry__0/CO[3]
                         net (fo=1, routed)           0.000    11.493    u_demo/u_inv_bf/u_sub/sub_carry__0_n_0
    SLICE_X12Y6          CARRY4 (Prop_carry4_CI_O[2])
                                                      0.239    11.732 r  u_demo/u_inv_bf/u_sub/sub_carry__1/O[2]
                         net (fo=1, routed)           0.802    12.534    u_demo/u_inv_bf/u_sub/sub_carry__1_n_5
    SLICE_X13Y5          LUT3 (Prop_lut3_I0_O)        0.331    12.865 r  u_demo/u_inv_bf/u_sub/T_r_reg_i_1/O
                         net (fo=1, routed)           0.701    13.565    u_demo/u_inv_bf/u_mult/B[11]
    DSP48_X0Y1           DSP48E1                                      r  u_demo/u_inv_bf/u_mult/T_r_reg/B[11]
  -------------------------------------------------------------------    -------------------

                         (clock sys_clk_pin rise edge)
                                                     10.000    10.000 r  
    E3                                                0.000    10.000 r  CLK100MHZ (IN)
                         net (fo=0)                   0.000    10.000    CLK100MHZ
    E3                   IBUF (Prop_ibuf_I_O)         1.411    11.411 r  CLK100MHZ_IBUF_inst/O
                         net (fo=1, routed)           1.920    13.331    CLK100MHZ_IBUF
    BUFGCTRL_X0Y16       BUFG (Prop_bufg_I_O)         0.091    13.422 r  CLK100MHZ_IBUF_BUFG_inst/O
                         net (fo=342, routed)         1.783    15.205    u_demo/u_inv_bf/u_mult/CLK100MHZ_IBUF_BUFG
    DSP48_X0Y1           DSP48E1                                      r  u_demo/u_inv_bf/u_mult/T_r_reg/CLK
                         clock pessimism              0.267    15.472    
                         clock uncertainty           -0.035    15.437    
    DSP48_X0Y1           DSP48E1 (Setup_dsp48e1_CLK_B[11])
                                                     -0.653    14.784    u_demo/u_inv_bf/u_mult/T_r_reg
  -------------------------------------------------------------------
                         required time                         14.784    
                         arrival time                         -13.565    
  -------------------------------------------------------------------
                         slack                                  1.219    





Min Delay Paths
--------------------------------------------------------------------------------------
Slack (MET) :             0.162ns  (arrival time - required time)
  Source:                 u_demo/u_fwd_fsm/k_r_reg[2]/C
                            (rising edge-triggered cell FDRE clocked by sys_clk_pin  {rise@0.000ns fall@5.000ns period=10.000ns})
  Destination:            u_demo/u_fwd_fsm/k_r_reg[4]/D
                            (rising edge-triggered cell FDRE clocked by sys_clk_pin  {rise@0.000ns fall@5.000ns period=10.000ns})
  Path Group:             sys_clk_pin
  Path Type:              Hold (Min at Fast Process Corner)
  Requirement:            0.000ns  (sys_clk_pin rise@0.000ns - sys_clk_pin rise@0.000ns)
  Data Path Delay:        0.267ns  (logic 0.186ns (69.735%)  route 0.081ns (30.265%))
  Logic Levels:           1  (LUT6=1)
  Clock Path Skew:        0.013ns (DCD - SCD - CPR)
    Destination Clock Delay (DCD):    2.074ns
    Source Clock Delay      (SCD):    1.555ns
    Clock Pessimism Removal (CPR):    0.506ns

    Location             Delay type                Incr(ns)  Path(ns)    Netlist Resource(s)
  -------------------------------------------------------------------    -------------------
                         (clock sys_clk_pin rise edge)
                                                      0.000     0.000 r  
    E3                                                0.000     0.000 r  CLK100MHZ (IN)
                         net (fo=0)                   0.000     0.000    CLK100MHZ
    E3                   IBUF (Prop_ibuf_I_O)         0.250     0.250 r  CLK100MHZ_IBUF_inst/O
                         net (fo=1, routed)           0.644     0.894    CLK100MHZ_IBUF
    BUFGCTRL_X0Y16       BUFG (Prop_bufg_I_O)         0.026     0.920 r  CLK100MHZ_IBUF_BUFG_inst/O
                         net (fo=342, routed)         0.635     1.555    u_demo/u_fwd_fsm/CLK100MHZ_IBUF_BUFG
    SLICE_X17Y16         FDRE                                         r  u_demo/u_fwd_fsm/k_r_reg[2]/C
  -------------------------------------------------------------------    -------------------
    SLICE_X17Y16         FDRE (Prop_fdre_C_Q)         0.141     1.696 r  u_demo/u_fwd_fsm/k_r_reg[2]/Q
                         net (fo=4, routed)           0.081     1.777    u_demo/u_fwd_fsm/k_r_reg_n_0_[2]
    SLICE_X16Y16         LUT6 (Prop_lut6_I5_O)        0.045     1.822 r  u_demo/u_fwd_fsm/k_r[4]_i_1/O
                         net (fo=2, routed)           0.000     1.822    u_demo/u_fwd_fsm/k_r[4]
    SLICE_X16Y16         FDRE                                         r  u_demo/u_fwd_fsm/k_r_reg[4]/D
  -------------------------------------------------------------------    -------------------

                         (clock sys_clk_pin rise edge)
                                                      0.000     0.000 r  
    E3                                                0.000     0.000 r  CLK100MHZ (IN)
                         net (fo=0)                   0.000     0.000    CLK100MHZ
    E3                   IBUF (Prop_ibuf_I_O)         0.438     0.438 r  CLK100MHZ_IBUF_inst/O
                         net (fo=1, routed)           0.699     1.136    CLK100MHZ_IBUF
    BUFGCTRL_X0Y16       BUFG (Prop_bufg_I_O)         0.029     1.165 r  CLK100MHZ_IBUF_BUFG_inst/O
                         net (fo=342, routed)         0.909     2.074    u_demo/u_fwd_fsm/CLK100MHZ_IBUF_BUFG
    SLICE_X16Y16         FDRE                                         r  u_demo/u_fwd_fsm/k_r_reg[4]/C
                         clock pessimism             -0.506     1.568    
    SLICE_X16Y16         FDRE (Hold_fdre_C_D)         0.092     1.660    u_demo/u_fwd_fsm/k_r_reg[4]
  -------------------------------------------------------------------
                         required time                         -1.660    
                         arrival time                           1.822    
  -------------------------------------------------------------------
                         slack                                  0.162    





Pulse Width Checks
--------------------------------------------------------------------------------------
Clock Name:         sys_clk_pin
Waveform(ns):       { 0.000 5.000 }
Period(ns):         10.000
Sources:            { CLK100MHZ }

Check Type        Corner  Lib Pin      Reference Pin  Required(ns)  Actual(ns)  Slack(ns)  Location     Pin
Min Period        n/a     DSP48E1/CLK  n/a            3.884         10.000      6.116      DSP48_X0Y4   u_demo/u_fwd_bf/u_mult/T_r_reg/CLK
Low Pulse Width   Slow    RAMD64E/CLK  n/a            1.250         5.000       3.750      SLICE_X14Y7  u_demo/orig_mem_reg_0_63_0_2/RAMA/CLK
High Pulse Width  Slow    RAMD64E/CLK  n/a            1.250         5.000       3.750      SLICE_X14Y7  u_demo/orig_mem_reg_0_63_0_2/RAMA/CLK



